Archive member included to satisfy reference by file (symbol)

/Applications/Simplicity Studio.app/Contents/Eclipse/developer/sdks/gecko_sdk_suite/v3.1//platform/bootloader/build/lib/libbootloader_efx32xg22_gcc.a(btl_internal_flash.o)
                              ./internal_flash/btl_storage_internal_flash.o (flash_erasePage)
/Applications/Simplicity Studio.app/Contents/Eclipse/developer/sdks/gecko_sdk_suite/v3.1//platform/bootloader/build/lib/libbootloader_efx32xg22_gcc.a(btl_internal_bootload.o)
                              ./core/btl_main.o (bootload_verifyApplication)
/Applications/Simplicity Studio.app/Contents/Eclipse/developer/sdks/gecko_sdk_suite/v3.1//platform/bootloader/build/lib/libbootloader_efx32xg22_gcc.a(btl_parse.o)
                              ./core/btl_main.o (core_initParser)
/Applications/Simplicity Studio.app/Contents/Eclipse/developer/sdks/gecko_sdk_suite/v3.1//platform/bootloader/build/lib/libbootloader_efx32xg22_gcc.a(btl_reset.o)
                              ./core/btl_main.o (reset_invalidateResetReason)
/Applications/Simplicity Studio.app/Contents/Eclipse/developer/sdks/gecko_sdk_suite/v3.1//platform/bootloader/build/lib/libstorage_efx32xg22_gcc.a(btl_storage_library.o)
                              ./storage-common/btl_storage.o (storage_verifySlot)
/Applications/Simplicity Studio.app/Contents/Eclipse/developer/sdks/gecko_sdk_suite/v3.1//platform/bootloader/build/lib/libstorage_efx32xg22_gcc.a(btl_storage_bootloadinfo.o)
                              /Applications/Simplicity Studio.app/Contents/Eclipse/developer/sdks/gecko_sdk_suite/v3.1//platform/bootloader/build/lib/libstorage_efx32xg22_gcc.a(btl_storage_library.o) (storage_getBootloadList)
/Applications/Simplicity Studio.app/Contents/Eclipse/developer/sdks/gecko_sdk_suite/v3.1//platform/bootloader/build/lib/libparser_efx32xg22_gcc.a(btl_ebl_parser.o)
                              /Applications/Simplicity Studio.app/Contents/Eclipse/developer/sdks/gecko_sdk_suite/v3.1//platform/bootloader/build/lib/libbootloader_efx32xg22_gcc.a(btl_parse.o) (parser_init)
/Applications/Simplicity Studio.app/Contents/Eclipse/developer/toolchains/gnu_arm/7.2_2017q4/bin/../lib/gcc/arm-none-eabi/7.2.1/thumb/v8-m.main/fpv5-sp/softfp/libgcc.a(_aeabi_ldivmod.o)
                              ./emlib/em_eusart.o (__aeabi_ldivmod)
/Applications/Simplicity Studio.app/Contents/Eclipse/developer/toolchains/gnu_arm/7.2_2017q4/bin/../lib/gcc/arm-none-eabi/7.2.1/thumb/v8-m.main/fpv5-sp/softfp/libgcc.a(_aeabi_uldivmod.o)
                              ./emlib/em_eusart.o (__aeabi_uldivmod)
/Applications/Simplicity Studio.app/Contents/Eclipse/developer/toolchains/gnu_arm/7.2_2017q4/bin/../lib/gcc/arm-none-eabi/7.2.1/thumb/v8-m.main/fpv5-sp/softfp/libgcc.a(_udivmoddi4.o)
                              /Applications/Simplicity Studio.app/Contents/Eclipse/developer/toolchains/gnu_arm/7.2_2017q4/bin/../lib/gcc/arm-none-eabi/7.2.1/thumb/v8-m.main/fpv5-sp/softfp/libgcc.a(_aeabi_ldivmod.o) (__udivmoddi4)
/Applications/Simplicity Studio.app/Contents/Eclipse/developer/toolchains/gnu_arm/7.2_2017q4/bin/../lib/gcc/arm-none-eabi/7.2.1/thumb/v8-m.main/fpv5-sp/softfp/libgcc.a(_dvmd_tls.o)
                              /Applications/Simplicity Studio.app/Contents/Eclipse/developer/toolchains/gnu_arm/7.2_2017q4/bin/../lib/gcc/arm-none-eabi/7.2.1/thumb/v8-m.main/fpv5-sp/softfp/libgcc.a(_aeabi_ldivmod.o) (__aeabi_ldiv0)
/Applications/Simplicity Studio.app/Contents/Eclipse/developer/toolchains/gnu_arm/7.2_2017q4/bin/../lib/gcc/arm-none-eabi/7.2.1/../../../../arm-none-eabi/lib/thumb/v8-m.main/fpv5-sp/softfp/libc_nano.a(lib_a-exit.o)
                              /Applications/Simplicity Studio.app/Contents/Eclipse/developer/toolchains/gnu_arm/7.2_2017q4/bin/../lib/gcc/arm-none-eabi/7.2.1/../../../../arm-none-eabi/lib/thumb/v8-m.main/fpv5-sp/softfp/crt0.o (exit)
/Applications/Simplicity Studio.app/Contents/Eclipse/developer/toolchains/gnu_arm/7.2_2017q4/bin/../lib/gcc/arm-none-eabi/7.2.1/../../../../arm-none-eabi/lib/thumb/v8-m.main/fpv5-sp/softfp/libc_nano.a(lib_a-impure.o)
                              /Applications/Simplicity Studio.app/Contents/Eclipse/developer/toolchains/gnu_arm/7.2_2017q4/bin/../lib/gcc/arm-none-eabi/7.2.1/../../../../arm-none-eabi/lib/thumb/v8-m.main/fpv5-sp/softfp/libc_nano.a(lib_a-exit.o) (_global_impure_ptr)
/Applications/Simplicity Studio.app/Contents/Eclipse/developer/toolchains/gnu_arm/7.2_2017q4/bin/../lib/gcc/arm-none-eabi/7.2.1/../../../../arm-none-eabi/lib/thumb/v8-m.main/fpv5-sp/softfp/libc_nano.a(lib_a-init.o)
                              /Applications/Simplicity Studio.app/Contents/Eclipse/developer/toolchains/gnu_arm/7.2_2017q4/bin/../lib/gcc/arm-none-eabi/7.2.1/../../../../arm-none-eabi/lib/thumb/v8-m.main/fpv5-sp/softfp/crt0.o (__libc_init_array)
[...]
Memory Configuration

Name             Origin             Length             Attributes
FLASH            0x0000000000000000 0x0000000000006000 xr
RAM              0x0000000020000000 0x0000000000008000 xrw
*default*        0x0000000000000000 0xffffffffffffffff

Linker script and memory map

LOAD /Applications/Simplicity Studio.app/Contents/Eclipse/developer/toolchains/gnu_arm/7.2_2017q4/bin/../lib/gcc/arm-none-eabi/7.2.1/thumb/v8-m.main/fpv5-sp/softfp/crti.o
LOAD /Applications/Simplicity Studio.app/Contents/Eclipse/developer/toolchains/gnu_arm/7.2_2017q4/bin/../lib/gcc/arm-none-eabi/7.2.1/thumb/v8-m.main/fpv5-sp/softfp/crtbegin.o
LOAD /Applications/Simplicity Studio.app/Contents/Eclipse/developer/toolchains/gnu_arm/7.2_2017q4/bin/../lib/gcc/arm-none-eabi/7.2.1/../../../../arm-none-eabi/lib/thumb/v8-m.main/fpv5-sp/softfp/crt0.o
START GROUP
LOAD ./CMSIS/system_bgm22.o
LOAD ./bootloader-callback-stubs.o
LOAD ./bootloader-callbacks.o
LOAD ./core/EFR32/gcc/main_btl_startup.o
LOAD ./core/btl_bootload.o
LOAD ./core/btl_core.o
LOAD ./core/btl_driver_util.o
LOAD ./core/btl_main.o
LOAD ./crc/btl_crc16.o
LOAD ./crc/btl_crc32.o
LOAD ./crypto/btl_security_aes.o
LOAD ./crypto/btl_security_ecdsa.o
LOAD ./crypto/btl_security_sha256.o
LOAD ./crypto/btl_sha256.o
LOAD ./crypto/crypto_sha.o
LOAD ./crypto/cryptoacc_sha.o
LOAD ./crypto/ecc.o
LOAD ./crypto/se_sha.o
LOAD ./debug/btl_debug.o
LOAD ./debug/btl_debug_swo.o
LOAD ./emlib/em_assert.o
LOAD ./emlib/em_cmu.o
LOAD ./emlib/em_core.o
LOAD ./emlib/em_crypto.o
LOAD ./emlib/em_emu.o
LOAD ./emlib/em_eusart.o
LOAD ./emlib/em_gpio.o
LOAD ./emlib/em_msc.o
LOAD ./emlib/em_rmu.o
LOAD ./emlib/em_se.o
LOAD ./emlib/em_system.o
LOAD ./emlib/em_timer.o
LOAD ./emlib/em_usart.o
LOAD ./emlib/em_wdog.o
LOAD ./internal_flash/btl_storage_internal_flash.o
LOAD ./mbedtls/EFR32_2_2/ba414ep_config.o
LOAD ./mbedtls/EFR32_2_2/cryptodma_internal.o
LOAD ./mbedtls/EFR32_2_2/cryptolib_types.o
LOAD ./mbedtls/EFR32_2_2/sx_aes.o
LOAD ./mbedtls/EFR32_2_2/sx_blk_cipher.o
LOAD ./mbedtls/EFR32_2_2/sx_ecc_curves.o
LOAD ./mbedtls/EFR32_2_2/sx_ecdsa_alg.o
LOAD ./mbedtls/EFR32_2_2/sx_hash.o
LOAD ./mbedtls/EFR32_2_2/sx_math.o
LOAD ./mbedtls/EFR32_2_2/sx_memcmp.o
LOAD ./mbedtls/EFR32_2_2/sx_memcpy.o
LOAD ./mbedtls/crypto_aes.o
LOAD ./mbedtls/crypto_management.o
LOAD ./mbedtls/cryptoacc_aes.o
LOAD ./mbedtls/cryptoacc_management.o
LOAD ./mbedtls/se_aes.o
LOAD ./mbedtls/sl_se_management.o
LOAD ./parser/btl_gbl_custom_tags.o
LOAD ./parser/btl_image_parser.o
LOAD ./storage-common/btl_storage.o
LOAD ./token-management/btl_security_tokens.o
LOAD /Applications/Simplicity Studio.app/Contents/Eclipse/developer/sdks/gecko_sdk_suite/v3.1//platform/bootloader/build/lib/libparser_efx32xg22_gcc.a
LOAD /Applications/Simplicity Studio.app/Contents/Eclipse/developer/sdks/gecko_sdk_suite/v3.1//platform/bootloader/build/lib/libbootloader_efx32xg22_gcc.a
LOAD /Applications/Simplicity Studio.app/Contents/Eclipse/developer/sdks/gecko_sdk_suite/v3.1//platform/bootloader/build/lib/libstorage_efx32xg22_gcc.a
LOAD /Applications/Simplicity Studio.app/Contents/Eclipse/developer/toolchains/gnu_arm/7.2_2017q4/bin/../lib/gcc/arm-none-eabi/7.2.1/../../../../arm-none-eabi/lib/thumb/v8-m.main/fpv5-sp/softfp/libnosys.a
END GROUP
START GROUP
LOAD /Applications/Simplicity Studio.app/Contents/Eclipse/developer/toolchains/gnu_arm/7.2_2017q4/bin/../lib/gcc/arm-none-eabi/7.2.1/thumb/v8-m.main/fpv5-sp/softfp/libgcc.a
LOAD /Applications/Simplicity Studio.app/Contents/Eclipse/developer/toolchains/gnu_arm/7.2_2017q4/bin/../lib/gcc/arm-none-eabi/7.2.1/../../../../arm-none-eabi/lib/thumb/v8-m.main/fpv5-sp/softfp/libc_nano.a
LOAD /Applications/Simplicity Studio.app/Contents/Eclipse/developer/toolchains/gnu_arm/7.2_2017q4/bin/../lib/gcc/arm-none-eabi/7.2.1/../../../../arm-none-eabi/lib/thumb/v8-m.main/fpv5-sp/softfp/libnosys.a
END GROUP
START GROUP
LOAD /Applications/Simplicity Studio.app/Contents/Eclipse/developer/toolchains/gnu_arm/7.2_2017q4/bin/../lib/gcc/arm-none-eabi/7.2.1/thumb/v8-m.main/fpv5-sp/softfp/libgcc.a
LOAD /Applications/Simplicity Studio.app/Contents/Eclipse/developer/toolchains/gnu_arm/7.2_2017q4/bin/../lib/gcc/arm-none-eabi/7.2.1/../../../../arm-none-eabi/lib/thumb/v8-m.main/fpv5-sp/softfp/libg_nano.a
LOAD /Applications/Simplicity Studio.app/Contents/Eclipse/developer/toolchains/gnu_arm/7.2_2017q4/bin/../lib/gcc/arm-none-eabi/7.2.1/../../../../arm-none-eabi/lib/thumb/v8-m.main/fpv5-sp/softfp/libc_nano.a
END GROUP
START GROUP
LOAD /Applications/Simplicity Studio.app/Contents/Eclipse/developer/toolchains/gnu_arm/7.2_2017q4/bin/../lib/gcc/arm-none-eabi/7.2.1/thumb/v8-m.main/fpv5-sp/softfp/libgcc.a
LOAD /Applications/Simplicity Studio.app/Contents/Eclipse/developer/toolchains/gnu_arm/7.2_2017q4/bin/../lib/gcc/arm-none-eabi/7.2.1/../../../../arm-none-eabi/lib/thumb/v8-m.main/fpv5-sp/softfp/libc_nano.a
END GROUP
LOAD /Applications/Simplicity Studio.app/Contents/Eclipse/developer/toolchains/gnu_arm/7.2_2017q4/bin/../lib/gcc/arm-none-eabi/7.2.1/thumb/v8-m.main/fpv5-sp/softfp/crtend.o
LOAD /Applications/Simplicity Studio.app/Contents/Eclipse/developer/toolchains/gnu_arm/7.2_2017q4/bin/../lib/gcc/arm-none-eabi/7.2.1/thumb/v8-m.main/fpv5-sp/softfp/crtn.o

.text           0x0000000000000000     0x34bc
 *(.vectors)
 .vectors       0x0000000000000000       0x40 ./core/EFR32/gcc/main_btl_startup.o
                0x0000000000000000                __Vectors
                0x0000000000000040                __Vectors_End = .
                0x0000000000000040                __Vectors_Size = (__Vectors_End - __Vectors)
                0x0000000000000040                __end__ = .
 *(.text*)
 .text          0x0000000000000040       0x40 /Applications/Simplicity Studio.app/Contents/Eclipse/developer/toolchains/gnu_arm/7.2_2017q4/bin/../lib/gcc/arm-none-eabi/7.2.1/thumb/v8-m.main/fpv5-sp/softfp/crtbegin.o
 .text.SystemInit
                0x0000000000000080       0x1c ./CMSIS/system_bgm22.o
                0x0000000000000080                SystemInit
 .text.Default_Handler
                0x000000000000009c        0x2 ./core/EFR32/gcc/main_btl_startup.o
                0x000000000000009c                BusFault_Handler
                0x000000000000009c                SysTick_Handler
                0x000000000000009c                PendSV_Handler
                0x000000000000009c                NMI_Handler
                0x000000000000009c                UsageFault_Handler
                0x000000000000009c                Default_Handler
                0x000000000000009c                MemManage_Handler
                0x000000000000009c                SVC_Handler
                0x000000000000009c                DebugMon_Handler
 *fill*         0x000000000000009e        0x2 
 .text.Reset_Handler
                0x00000000000000a0       0x48 ./core/EFR32/gcc/main_btl_startup.o
                0x00000000000000a0                Reset_Handler
 .text.bootload_verifyApplicationVersion
                0x00000000000000e8        0x4 ./core/btl_bootload.o
                0x00000000000000e8                bootload_verifyApplicationVersion
 .text.bootload_storeApplicationVersionResetMagic
                0x00000000000000ec        0x2 ./core/btl_bootload.o
                0x00000000000000ec                bootload_storeApplicationVersionResetMagic
 .text.bootload_verifyApplicationCertificate
                0x00000000000000ee        0x4 ./core/btl_bootload.o
                0x00000000000000ee                bootload_verifyApplicationCertificate
 .text.btl_init
                0x00000000000000f2        0x4 ./core/btl_core.o
                0x00000000000000f2                btl_init
 .text.btl_deinit
                0x00000000000000f6        0x4 ./core/btl_core.o
                0x00000000000000f6                btl_deinit
 .text.HardFault_Handler
                0x00000000000000fa        0x8 ./core/btl_main.o
                0x00000000000000fa                HardFault_Handler
 *fill*         0x0000000000000102        0x2 
 .text.startup.main
                0x0000000000000104       0xc4 ./core/btl_main.o
                0x0000000000000104                main
 .text.SystemInit2
                0x00000000000001c8       0xa8 ./core/btl_main.o
                0x00000000000001c8                SystemInit2
 .text.bootloader_enforceSecureBoot
                0x0000000000000270        0x4 ./core/btl_main.o
                0x0000000000000270                bootloader_enforceSecureBoot
 .text.btl_crc32Stream
                0x0000000000000274       0x38 ./crc/btl_crc32.o
                0x0000000000000274                btl_crc32Stream
 .text.btl_initAesCcm
                0x00000000000002ac       0x5c ./crypto/btl_security_aes.o
                0x00000000000002ac                btl_initAesCcm
 .text.btl_processAesCtrData
                0x0000000000000308       0x22 ./crypto/btl_security_aes.o
                0x0000000000000308                btl_processAesCtrData
 *fill*         0x000000000000032a        0x2 
 .text.btl_verifyEcdsaP256r1
                0x000000000000032c       0xf8 ./crypto/btl_security_ecdsa.o
                0x000000000000032c                btl_verifyEcdsaP256r1
 .text.btl_initSha256
                0x0000000000000424       0x2c ./crypto/btl_security_sha256.o
                0x0000000000000424                btl_initSha256
 .text.btl_updateSha256
                0x0000000000000450        0x4 ./crypto/btl_security_sha256.o
                0x0000000000000450                btl_updateSha256
 .text.btl_finalizeSha256
                0x0000000000000454        0x6 ./crypto/btl_security_sha256.o
                0x0000000000000454                btl_finalizeSha256
 *fill*         0x000000000000045a        0x2 
 .text.sha_x_update
                0x000000000000045c       0xb0 ./crypto/btl_sha256.o
                0x000000000000045c                sha_x_update
 .text.sha_x_finish.part.1
                0x000000000000050c       0x94 ./crypto/btl_sha256.o
 .text.btl_sha256_init
                0x00000000000005a0        0x8 ./crypto/btl_sha256.o
                0x00000000000005a0                btl_sha256_init
 .text.btl_sha256_starts_ret
                0x00000000000005a8        0xa ./crypto/btl_sha256.o
                0x00000000000005a8                btl_sha256_starts_ret
 .text.btl_sha256_update_ret
                0x00000000000005b2       0x1a ./crypto/btl_sha256.o
                0x00000000000005b2                btl_sha256_update_ret
 .text.btl_sha256_finish_ret
                0x00000000000005cc       0x1a ./crypto/btl_sha256.o
                0x00000000000005cc                btl_sha256_finish_ret
 *fill*         0x00000000000005e6        0x2 
 .text.sha_x_process
                0x00000000000005e8       0x8c ./crypto/cryptoacc_sha.o
                0x00000000000005e8                sha_x_process
 .text.CMU_ClockEnable
                0x0000000000000674       0x40 ./emlib/em_cmu.o
                0x0000000000000674                CMU_ClockEnable
 .text.mscStatusWait
                0x00000000000006b4       0x54 ./emlib/em_msc.o
                0x00000000000006b4                mscStatusWait
 .text.writeBurst
                0x0000000000000708       0x54 ./emlib/em_msc.o
                0x0000000000000708                writeBurst
 .text.MSC_ErasePage
                0x000000000000075c       0x54 ./emlib/em_msc.o
                0x000000000000075c                MSC_ErasePage
 .text.MSC_WriteWord
                0x00000000000007b0       0x7c ./emlib/em_msc.o
                0x00000000000007b0                MSC_WriteWord
 .text.MSC_WriteWordDma
                0x000000000000082c       0xf0 ./emlib/em_msc.o
                0x000000000000082c                MSC_WriteWordDma
 .text.SE_addParameter
                0x000000000000091c       0x12 ./emlib/em_se.o
                0x000000000000091c                SE_addParameter
 *fill*         0x000000000000092e        0x2 
 .text.SE_executeCommand
                0x0000000000000930      0x100 ./emlib/em_se.o
                0x0000000000000930                SE_executeCommand
 .text.rootIsOutputMailboxValid
                0x0000000000000a30       0x64 ./emlib/em_se.o
                0x0000000000000a30                rootIsOutputMailboxValid
 .text.SE_getVersion
                0x0000000000000a94       0x48 ./emlib/em_se.o
                0x0000000000000a94                SE_getVersion
 .text.SE_isCommandCompleted
                0x0000000000000adc       0x38 ./emlib/em_se.o
                0x0000000000000adc                SE_isCommandCompleted
 .text.SE_readExecutedCommand
                0x0000000000000b14       0x3c ./emlib/em_se.o
                0x0000000000000b14                SE_readExecutedCommand
 .text.SE_ackCommand
                0x0000000000000b50       0xa0 ./emlib/em_se.o
                0x0000000000000b50                SE_ackCommand
 .text.getDeviceInfo
                0x0000000000000bf0        0x8 ./internal_flash/btl_storage_internal_flash.o
                0x0000000000000bf0                getDeviceInfo
 .text.storage_init
                0x0000000000000bf8       0x14 ./internal_flash/btl_storage_internal_flash.o
                0x0000000000000bf8                storage_init
 .text.storage_isBusy
                0x0000000000000c0c       0x10 ./internal_flash/btl_storage_internal_flash.o
                0x0000000000000c0c                storage_isBusy
 .text.storage_readRaw
                0x0000000000000c1c       0x1e ./internal_flash/btl_storage_internal_flash.o
                0x0000000000000c1c                storage_readRaw
 .text.storage_writeRaw
                0x0000000000000c3a       0x32 ./internal_flash/btl_storage_internal_flash.o
                0x0000000000000c3a                storage_writeRaw
 .text.storage_getDMAchannel
                0x0000000000000c6c        0x6 ./internal_flash/btl_storage_internal_flash.o
                0x0000000000000c6c                storage_getDMAchannel
 .text.storage_eraseRaw
                0x0000000000000c72       0x3c ./internal_flash/btl_storage_internal_flash.o
                0x0000000000000c72                storage_eraseRaw
 *fill*         0x0000000000000cae        0x2 
 .text.storage_shutdown
                0x0000000000000cb0       0x14 ./internal_flash/btl_storage_internal_flash.o
                0x0000000000000cb0                storage_shutdown
 .text.write_desc.constprop.0
                0x0000000000000cc4       0x16 ./mbedtls/EFR32_2_2/ba414ep_config.o
 *fill*         0x0000000000000cda        0x2 
 .text.ba414ep_set_command
                0x0000000000000cdc       0x28 ./mbedtls/EFR32_2_2/ba414ep_config.o
                0x0000000000000cdc                ba414ep_set_command
 .text.mem2CryptoRAM_rev
                0x0000000000000d04       0x62 ./mbedtls/EFR32_2_2/ba414ep_config.o
                0x0000000000000d04                mem2CryptoRAM_rev
 .text.point2CryptoRAM_rev
                0x0000000000000d66       0x64 ./mbedtls/EFR32_2_2/ba414ep_config.o
                0x0000000000000d66                point2CryptoRAM_rev
 .text.mem2CryptoRAM
                0x0000000000000dca       0x3a ./mbedtls/EFR32_2_2/ba414ep_config.o
                0x0000000000000dca                mem2CryptoRAM
 .text.ba414ep_start_wait_status
                0x0000000000000e04       0x1c ./mbedtls/EFR32_2_2/ba414ep_config.o
                0x0000000000000e04                ba414ep_start_wait_status
 .text.ba414ep_load_curve
                0x0000000000000e20       0x64 ./mbedtls/EFR32_2_2/ba414ep_config.o
                0x0000000000000e20                ba414ep_load_curve
 .text.cryptodma_config_direct
                0x0000000000000e84       0x70 ./mbedtls/EFR32_2_2/cryptodma_internal.o
                0x0000000000000e84                cryptodma_config_direct
 .text.cryptodma_start
                0x0000000000000ef4       0x18 ./mbedtls/EFR32_2_2/cryptodma_internal.o
                0x0000000000000ef4                cryptodma_start
 .text.cryptodma_wait
                0x0000000000000f0c       0x10 ./mbedtls/EFR32_2_2/cryptodma_internal.o
                0x0000000000000f0c                cryptodma_wait
 .text.cryptodma_check_bus_error
                0x0000000000000f1c       0x14 ./mbedtls/EFR32_2_2/cryptodma_internal.o
                0x0000000000000f1c                cryptodma_check_bus_error
 .text.cryptodma_check_status
                0x0000000000000f30       0x30 ./mbedtls/EFR32_2_2/cryptodma_internal.o
                0x0000000000000f30                cryptodma_check_status
 .text.cryptodma_run_sg
                0x0000000000000f60       0x20 ./mbedtls/EFR32_2_2/cryptodma_internal.o
                0x0000000000000f60                cryptodma_run_sg
 .text.write_desc_always
                0x0000000000000f80       0x2c ./mbedtls/EFR32_2_2/cryptodma_internal.o
                0x0000000000000f80                write_desc_always
 .text.set_last_desc
                0x0000000000000fac       0x16 ./mbedtls/EFR32_2_2/cryptodma_internal.o
                0x0000000000000fac                set_last_desc
 .text.set_desc_invalid_bytes
                0x0000000000000fc2       0x32 ./mbedtls/EFR32_2_2/cryptodma_internal.o
                0x0000000000000fc2                set_desc_invalid_bytes
 .text.sx_aes_set_hw_config_for_key
                0x0000000000000ff4       0x74 ./mbedtls/EFR32_2_2/sx_aes.o
                0x0000000000000ff4                sx_aes_set_hw_config_for_key
 .text.sx_aes_ecb_encrypt
                0x0000000000001068       0x28 ./mbedtls/EFR32_2_2/sx_aes.o
                0x0000000000001068                sx_aes_ecb_encrypt
 .text.sx_aes_ecb_decrypt
                0x0000000000001090       0x28 ./mbedtls/EFR32_2_2/sx_aes.o
                0x0000000000001090                sx_aes_ecb_decrypt
 .text.sx_aes_ctr_encrypt_update
                0x00000000000010b8       0x2c ./mbedtls/EFR32_2_2/sx_aes.o
                0x00000000000010b8                sx_aes_ctr_encrypt_update
 .text.write_desc_blk
                0x00000000000010e4       0x20 ./mbedtls/EFR32_2_2/sx_blk_cipher.o
 .text.sx_blk_cipher_build_descr
                0x0000000000001104      0x1c2 ./mbedtls/EFR32_2_2/sx_blk_cipher.o
 *fill*         0x00000000000012c6        0x2 
 .text.sx_blk_cipher_ecb
                0x00000000000012c8       0x58 ./mbedtls/EFR32_2_2/sx_blk_cipher.o
                0x00000000000012c8                sx_blk_cipher_ecb
 .text.sx_blk_cipher_cbc_ctr_ofb_cfb_update
                0x0000000000001320       0x7c ./mbedtls/EFR32_2_2/sx_blk_cipher.o
                0x0000000000001320                sx_blk_cipher_cbc_ctr_ofb_cfb_update
 .text.sx_ecc_curve_bytesize
                0x000000000000139c        0x4 ./mbedtls/EFR32_2_2/sx_ecc_curves.o
                0x000000000000139c                sx_ecc_curve_bytesize
 .text.ecdsa_verify_signature_digest
                0x00000000000013a0       0x94 ./mbedtls/EFR32_2_2/sx_ecdsa_alg.o
                0x00000000000013a0                ecdsa_verify_signature_digest
 .text.sx_hash_get_digest_size
                0x0000000000001434       0x14 ./mbedtls/EFR32_2_2/sx_hash.o
                0x0000000000001434                sx_hash_get_digest_size
 .text.sx_hash_get_block_size
                0x0000000000001448       0x14 ./mbedtls/EFR32_2_2/sx_hash.o
                0x0000000000001448                sx_hash_get_block_size
 .text.sx_hash_get_state_size
                0x000000000000145c       0x14 ./mbedtls/EFR32_2_2/sx_hash.o
                0x000000000000145c                sx_hash_get_state_size
 .text.sx_hash_internal
                0x0000000000001470      0x1f4 ./mbedtls/EFR32_2_2/sx_hash.o
 .text.sx_hash_update_blk
                0x0000000000001664       0x30 ./mbedtls/EFR32_2_2/sx_hash.o
                0x0000000000001664                sx_hash_update_blk
 .text.sx_memset
                0x0000000000001694        0x4 ./mbedtls/EFR32_2_2/sx_memcpy.o
                0x0000000000001694                sx_memset
 .text.memcpy_blk
                0x0000000000001698       0xa2 ./mbedtls/EFR32_2_2/sx_memcpy.o
                0x0000000000001698                memcpy_blk
 .text.mbedtls_aes_init
                0x000000000000173a        0x8 ./mbedtls/cryptoacc_aes.o
                0x000000000000173a                mbedtls_aes_init
 .text.mbedtls_aes_setkey_enc
                0x0000000000001742       0x36 ./mbedtls/cryptoacc_aes.o
                0x0000000000001742                mbedtls_aes_setkey_enc
 .text.mbedtls_aes_crypt_ecb
                0x0000000000001778       0x6e ./mbedtls/cryptoacc_aes.o
                0x0000000000001778                mbedtls_aes_crypt_ecb
 .text.mbedtls_aes_crypt_ctr
                0x00000000000017e6      0x112 ./mbedtls/cryptoacc_aes.o
                0x00000000000017e6                mbedtls_aes_crypt_ctr
 .text.cryptoacc_management_acquire
                0x00000000000018f8       0x2c ./mbedtls/cryptoacc_management.o
                0x00000000000018f8                cryptoacc_management_acquire
 .text.cryptoacc_management_release
                0x0000000000001924       0x2c ./mbedtls/cryptoacc_management.o
                0x0000000000001924                cryptoacc_management_release
 .text.gbl_isCustomTag
                0x0000000000001950        0x4 ./parser/btl_gbl_custom_tags.o
                0x0000000000001950                gbl_isCustomTag
 .text.gbl_getCustomTagProperties
                0x0000000000001954        0x4 ./parser/btl_gbl_custom_tags.o
                0x0000000000001954                gbl_getCustomTagProperties
 .text.parser_requireAuthenticity
                0x0000000000001958        0x4 ./parser/btl_image_parser.o
                0x0000000000001958                parser_requireAuthenticity
 .text.parser_requireConfidentiality
                0x000000000000195c        0x4 ./parser/btl_image_parser.o
                0x000000000000195c                parser_requireConfidentiality
 .text.parser_requireCertificateAuthenticity
                0x0000000000001960        0x4 ./parser/btl_image_parser.o
                0x0000000000001960                parser_requireCertificateAuthenticity
 .text.parser_requireAntiRollbackProtection
                0x0000000000001964        0x4 ./parser/btl_image_parser.o
                0x0000000000001964                parser_requireAntiRollbackProtection
 .text.parser_applicationUpgradeVersionValid
                0x0000000000001968        0x4 ./parser/btl_image_parser.o
                0x0000000000001968                parser_applicationUpgradeVersionValid
 .text.parser_getApplicationAddress
                0x000000000000196c        0x8 ./parser/btl_image_parser.o
                0x000000000000196c                parser_getApplicationAddress
 .text.parser_getMainBootloaderTable
                0x0000000000001974        0x6 ./parser/btl_image_parser.o
                0x0000000000001974                parser_getMainBootloaderTable
 .text.parser_getBootloaderUpgradeAddress
                0x000000000000197a        0x6 ./parser/btl_image_parser.o
                0x000000000000197a                parser_getBootloaderUpgradeAddress
 .text.parser_applicationUpgradeValidCallback
                0x0000000000001980        0x4 ./parser/btl_image_parser.o
                0x0000000000001980                parser_applicationUpgradeValidCallback
 .text.parser_verifyCertificate
                0x0000000000001984        0x6 ./parser/btl_image_parser.o
                0x0000000000001984                parser_verifyCertificate
 *fill*         0x000000000000198a        0x2 
 .text.installImageFromSlot.constprop.0
                0x000000000000198c       0xc4 ./storage-common/btl_storage.o
 .text.storage_getBaseAddress
                0x0000000000001a50        0x6 ./storage-common/btl_storage.o
                0x0000000000001a50                storage_getBaseAddress
 .text.storage_main
                0x0000000000001a56        0x4 ./storage-common/btl_storage.o
                0x0000000000001a56                storage_main
 *fill*         0x0000000000001a5a        0x2 
 .text.btl_getSignedBootloaderKeyXPtr
                0x0000000000001a5c        0x8 ./token-management/btl_security_tokens.o
                0x0000000000001a5c                btl_getSignedBootloaderKeyXPtr
 .text.btl_getSignedBootloaderKeyYPtr
                0x0000000000001a64        0x8 ./token-management/btl_security_tokens.o
                0x0000000000001a64                btl_getSignedBootloaderKeyYPtr
 .text.btl_getImageFileEncryptionKeyPtr
                0x0000000000001a6c        0x8 ./token-management/btl_security_tokens.o
                0x0000000000001a6c                btl_getImageFileEncryptionKeyPtr
 .text.flash_erasePage
                0x0000000000001a74       0x20 /Applications/Simplicity Studio.app/Contents/Eclipse/developer/sdks/gecko_sdk_suite/v3.1//platform/bootloader/build/lib/libbootloader_efx32xg22_gcc.a(btl_internal_flash.o)
                0x0000000000001a74                flash_erasePage
 .text.flash_writeBuffer_dma
                0x0000000000001a94       0x54 /Applications/Simplicity Studio.app/Contents/Eclipse/developer/sdks/gecko_sdk_suite/v3.1//platform/bootloader/build/lib/libbootloader_efx32xg22_gcc.a(btl_internal_flash.o)
                0x0000000000001a94                flash_writeBuffer_dma
 .text.flash_writeBuffer
                0x0000000000001ae8       0x30 /Applications/Simplicity Studio.app/Contents/Eclipse/developer/sdks/gecko_sdk_suite/v3.1//platform/bootloader/build/lib/libbootloader_efx32xg22_gcc.a(btl_internal_flash.o)
                0x0000000000001ae8                flash_writeBuffer
 .text.flashData
                0x0000000000001b18       0x44 /Applications/Simplicity Studio.app/Contents/Eclipse/developer/sdks/gecko_sdk_suite/v3.1//platform/bootloader/build/lib/libbootloader_efx32xg22_gcc.a(btl_internal_bootload.o)
 .text.bootload_applicationCallback
                0x0000000000001b5c       0x2a /Applications/Simplicity Studio.app/Contents/Eclipse/developer/sdks/gecko_sdk_suite/v3.1//platform/bootloader/build/lib/libbootloader_efx32xg22_gcc.a(btl_internal_bootload.o)
                0x0000000000001b5c                bootload_applicationCallback
 .text.bootload_bootloaderCallback
                0x0000000000001b86       0x42 /Applications/Simplicity Studio.app/Contents/Eclipse/developer/sdks/gecko_sdk_suite/v3.1//platform/bootloader/build/lib/libbootloader_efx32xg22_gcc.a(btl_internal_bootload.o)
                0x0000000000001b86                bootload_bootloaderCallback
 .text.bootload_checkApplicationPropertiesMagic
                0x0000000000001bc8       0x44 /Applications/Simplicity Studio.app/Contents/Eclipse/developer/sdks/gecko_sdk_suite/v3.1//platform/bootloader/build/lib/libbootloader_efx32xg22_gcc.a(btl_internal_bootload.o)
                0x0000000000001bc8                bootload_checkApplicationPropertiesMagic
 .text.bootload_checkApplicationPropertiesVersion
                0x0000000000001c0c        0xc /Applications/Simplicity Studio.app/Contents/Eclipse/developer/sdks/gecko_sdk_suite/v3.1//platform/bootloader/build/lib/libbootloader_efx32xg22_gcc.a(btl_internal_bootload.o)
                0x0000000000001c0c                bootload_checkApplicationPropertiesVersion
 .text.getSignatureX
                0x0000000000001c18       0x2a /Applications/Simplicity Studio.app/Contents/Eclipse/developer/sdks/gecko_sdk_suite/v3.1//platform/bootloader/build/lib/libbootloader_efx32xg22_gcc.a(btl_internal_bootload.o)
 .text.bootload_verifySecureBoot
                0x0000000000001c42       0xe6 /Applications/Simplicity Studio.app/Contents/Eclipse/developer/sdks/gecko_sdk_suite/v3.1//platform/bootloader/build/lib/libbootloader_efx32xg22_gcc.a(btl_internal_bootload.o)
 .text.bootload_verifyApplication
                0x0000000000001d28       0x90 /Applications/Simplicity Studio.app/Contents/Eclipse/developer/sdks/gecko_sdk_suite/v3.1//platform/bootloader/build/lib/libbootloader_efx32xg22_gcc.a(btl_internal_bootload.o)
                0x0000000000001d28                bootload_verifyApplication
 .text.bootload_commitBootloaderUpgrade
                0x0000000000001db8       0x58 /Applications/Simplicity Studio.app/Contents/Eclipse/developer/sdks/gecko_sdk_suite/v3.1//platform/bootloader/build/lib/libbootloader_efx32xg22_gcc.a(btl_internal_bootload.o)
                0x0000000000001db8                bootload_commitBootloaderUpgrade
 .text.bootload_checkSeUpgradeVersion
                0x0000000000001e10       0x26 /Applications/Simplicity Studio.app/Contents/Eclipse/developer/sdks/gecko_sdk_suite/v3.1//platform/bootloader/build/lib/libbootloader_efx32xg22_gcc.a(btl_internal_bootload.o)
                0x0000000000001e10                bootload_checkSeUpgradeVersion
 *fill*         0x0000000000001e36        0x2 
 .text.bootload_commitSeUpgrade
                0x0000000000001e38       0x38 /Applications/Simplicity Studio.app/Contents/Eclipse/developer/sdks/gecko_sdk_suite/v3.1//platform/bootloader/build/lib/libbootloader_efx32xg22_gcc.a(btl_internal_bootload.o)
                0x0000000000001e38                bootload_commitSeUpgrade
 .text.core_initParser
                0x0000000000001e70       0x32 /Applications/Simplicity Studio.app/Contents/Eclipse/developer/sdks/gecko_sdk_suite/v3.1//platform/bootloader/build/lib/libbootloader_efx32xg22_gcc.a(btl_parse.o)
                0x0000000000001e70                core_initParser
 .text.core_parseBuffer
                0x0000000000001ea2       0x3a /Applications/Simplicity Studio.app/Contents/Eclipse/developer/sdks/gecko_sdk_suite/v3.1//platform/bootloader/build/lib/libbootloader_efx32xg22_gcc.a(btl_parse.o)
                0x0000000000001ea2                core_parseBuffer
 .text.core_parseImageInfo
                0x0000000000001edc       0x6e /Applications/Simplicity Studio.app/Contents/Eclipse/developer/sdks/gecko_sdk_suite/v3.1//platform/bootloader/build/lib/libbootloader_efx32xg22_gcc.a(btl_parse.o)
                0x0000000000001edc                core_parseImageInfo
 .text.core_parserContextSize
                0x0000000000001f4a        0x6 /Applications/Simplicity Studio.app/Contents/Eclipse/developer/sdks/gecko_sdk_suite/v3.1//platform/bootloader/build/lib/libbootloader_efx32xg22_gcc.a(btl_parse.o)
                0x0000000000001f4a                core_parserContextSize
 .text.reset_invalidateResetReason
                0x0000000000001f50        0xc /Applications/Simplicity Studio.app/Contents/Eclipse/developer/sdks/gecko_sdk_suite/v3.1//platform/bootloader/build/lib/libbootloader_efx32xg22_gcc.a(btl_reset.o)
                0x0000000000001f50                reset_invalidateResetReason
 .text.reset_enableResetCounter
                0x0000000000001f5c        0xc /Applications/Simplicity Studio.app/Contents/Eclipse/developer/sdks/gecko_sdk_suite/v3.1//platform/bootloader/build/lib/libbootloader_efx32xg22_gcc.a(btl_reset.o)
                0x0000000000001f5c                reset_enableResetCounter
 .text.reset_disableResetCounter
                0x0000000000001f68        0xc /Applications/Simplicity Studio.app/Contents/Eclipse/developer/sdks/gecko_sdk_suite/v3.1//platform/bootloader/build/lib/libbootloader_efx32xg22_gcc.a(btl_reset.o)
                0x0000000000001f68                reset_disableResetCounter
 .text.reset_resetCounterEnabled
                0x0000000000001f74       0x16 /Applications/Simplicity Studio.app/Contents/Eclipse/developer/sdks/gecko_sdk_suite/v3.1//platform/bootloader/build/lib/libbootloader_efx32xg22_gcc.a(btl_reset.o)
                0x0000000000001f74                reset_resetCounterEnabled
 .text.reset_setResetReason
                0x0000000000001f8a       0x16 /Applications/Simplicity Studio.app/Contents/Eclipse/developer/sdks/gecko_sdk_suite/v3.1//platform/bootloader/build/lib/libbootloader_efx32xg22_gcc.a(btl_reset.o)
                0x0000000000001f8a                reset_setResetReason
 .text.reset_getResetCounter
                0x0000000000001fa0       0x14 /Applications/Simplicity Studio.app/Contents/Eclipse/developer/sdks/gecko_sdk_suite/v3.1//platform/bootloader/build/lib/libbootloader_efx32xg22_gcc.a(btl_reset.o)
                0x0000000000001fa0                reset_getResetCounter
 .text.reset_incrementResetCounter
                0x0000000000001fb4       0x20 /Applications/Simplicity Studio.app/Contents/Eclipse/developer/sdks/gecko_sdk_suite/v3.1//platform/bootloader/build/lib/libbootloader_efx32xg22_gcc.a(btl_reset.o)
                0x0000000000001fb4                reset_incrementResetCounter
 .text.reset_resetWithReason
                0x0000000000001fd4       0x28 /Applications/Simplicity Studio.app/Contents/Eclipse/developer/sdks/gecko_sdk_suite/v3.1//platform/bootloader/build/lib/libbootloader_efx32xg22_gcc.a(btl_reset.o)
                0x0000000000001fd4                reset_resetWithReason
 .text.reset_classifyReset
                0x0000000000001ffc       0x36 /Applications/Simplicity Studio.app/Contents/Eclipse/developer/sdks/gecko_sdk_suite/v3.1//platform/bootloader/build/lib/libbootloader_efx32xg22_gcc.a(btl_reset.o)
                0x0000000000001ffc                reset_classifyReset
 *fill*         0x0000000000002032        0x2 
 .text.storage_getSlotInfo
                0x0000000000002034       0x30 /Applications/Simplicity Studio.app/Contents/Eclipse/developer/sdks/gecko_sdk_suite/v3.1//platform/bootloader/build/lib/libstorage_efx32xg22_gcc.a(btl_storage_library.o)
                0x0000000000002034                storage_getSlotInfo
 .text.dummyCallback
                0x0000000000002064        0x6 /Applications/Simplicity Studio.app/Contents/Eclipse/developer/sdks/gecko_sdk_suite/v3.1//platform/bootloader/build/lib/libstorage_efx32xg22_gcc.a(btl_storage_library.o)
 *fill*         0x000000000000206a        0x2 
 .text.storage_readSlot
                0x000000000000206c       0x3c /Applications/Simplicity Studio.app/Contents/Eclipse/developer/sdks/gecko_sdk_suite/v3.1//platform/bootloader/build/lib/libstorage_efx32xg22_gcc.a(btl_storage_library.o)
                0x000000000000206c                storage_readSlot
 .text.advanceParser
                0x00000000000020a8       0x3a /Applications/Simplicity Studio.app/Contents/Eclipse/developer/sdks/gecko_sdk_suite/v3.1//platform/bootloader/build/lib/libstorage_efx32xg22_gcc.a(btl_storage_library.o)
 .text.storage_verifySlot
                0x00000000000020e2       0x60 /Applications/Simplicity Studio.app/Contents/Eclipse/developer/sdks/gecko_sdk_suite/v3.1//platform/bootloader/build/lib/libstorage_efx32xg22_gcc.a(btl_storage_library.o)
                0x00000000000020e2                storage_verifySlot
 *fill*         0x0000000000002142        0x2 
 .text.storage_getSlotMetadata
                0x0000000000002144       0x90 /Applications/Simplicity Studio.app/Contents/Eclipse/developer/sdks/gecko_sdk_suite/v3.1//platform/bootloader/build/lib/libstorage_efx32xg22_gcc.a(btl_storage_library.o)
                0x0000000000002144                storage_getSlotMetadata
 .text.storage_writeSlot
                0x00000000000021d4       0x3c /Applications/Simplicity Studio.app/Contents/Eclipse/developer/sdks/gecko_sdk_suite/v3.1//platform/bootloader/build/lib/libstorage_efx32xg22_gcc.a(btl_storage_library.o)
                0x00000000000021d4                storage_writeSlot
 .text.storage_eraseSlot
                0x0000000000002210       0x24 /Applications/Simplicity Studio.app/Contents/Eclipse/developer/sdks/gecko_sdk_suite/v3.1//platform/bootloader/build/lib/libstorage_efx32xg22_gcc.a(btl_storage_library.o)
                0x0000000000002210                storage_eraseSlot
 .text.storage_getInfo
                0x0000000000002234       0x28 /Applications/Simplicity Studio.app/Contents/Eclipse/developer/sdks/gecko_sdk_suite/v3.1//platform/bootloader/build/lib/libstorage_efx32xg22_gcc.a(btl_storage_library.o)
                0x0000000000002234                storage_getInfo
 .text.storage_initParseSlot
                0x000000000000225c       0x28 /Applications/Simplicity Studio.app/Contents/Eclipse/developer/sdks/gecko_sdk_suite/v3.1//platform/bootloader/build/lib/libstorage_efx32xg22_gcc.a(btl_storage_library.o)
                0x000000000000225c                storage_initParseSlot
 .text.bootloadFromSlot.constprop.5
                0x0000000000002284       0x3a /Applications/Simplicity Studio.app/Contents/Eclipse/developer/sdks/gecko_sdk_suite/v3.1//platform/bootloader/build/lib/libstorage_efx32xg22_gcc.a(btl_storage_library.o)
 *fill*         0x00000000000022be        0x2 
 .text.storage_upgradeSeFromSlot
                0x00000000000022c0       0x3c /Applications/Simplicity Studio.app/Contents/Eclipse/developer/sdks/gecko_sdk_suite/v3.1//platform/bootloader/build/lib/libstorage_efx32xg22_gcc.a(btl_storage_library.o)
                0x00000000000022c0                storage_upgradeSeFromSlot
 .text.storage_bootloadBootloaderFromSlot
                0x00000000000022fc       0x4c /Applications/Simplicity Studio.app/Contents/Eclipse/developer/sdks/gecko_sdk_suite/v3.1//platform/bootloader/build/lib/libstorage_efx32xg22_gcc.a(btl_storage_library.o)
                0x00000000000022fc                storage_bootloadBootloaderFromSlot
 .text.storage_bootloadApplicationFromSlot
                0x0000000000002348       0x3c /Applications/Simplicity Studio.app/Contents/Eclipse/developer/sdks/gecko_sdk_suite/v3.1//platform/bootloader/build/lib/libstorage_efx32xg22_gcc.a(btl_storage_library.o)
                0x0000000000002348                storage_bootloadApplicationFromSlot
 .text.storage_getBootloadList
                0x0000000000002384      0x134 /Applications/Simplicity Studio.app/Contents/Eclipse/developer/sdks/gecko_sdk_suite/v3.1//platform/bootloader/build/lib/libstorage_efx32xg22_gcc.a(btl_storage_bootloadinfo.o)
                0x0000000000002384                storage_getBootloadList
 .text.storage_setBootloadList
                0x00000000000024b8       0xd8 /Applications/Simplicity Studio.app/Contents/Eclipse/developer/sdks/gecko_sdk_suite/v3.1//platform/bootloader/build/lib/libstorage_efx32xg22_gcc.a(btl_storage_bootloadinfo.o)
                0x00000000000024b8                storage_setBootloadList
 .text.storage_appendBootloadList
                0x0000000000002590       0x66 /Applications/Simplicity Studio.app/Contents/Eclipse/developer/sdks/gecko_sdk_suite/v3.1//platform/bootloader/build/lib/libstorage_efx32xg22_gcc.a(btl_storage_bootloadinfo.o)
                0x0000000000002590                storage_appendBootloadList
 .text.ebl_storeData
                0x00000000000025f6       0x42 /Applications/Simplicity Studio.app/Contents/Eclipse/developer/sdks/gecko_sdk_suite/v3.1//platform/bootloader/build/lib/libparser_efx32xg22_gcc.a(btl_ebl_parser.o)
 .text.gbl_getData
                0x0000000000002638       0xea /Applications/Simplicity Studio.app/Contents/Eclipse/developer/sdks/gecko_sdk_suite/v3.1//platform/bootloader/build/lib/libparser_efx32xg22_gcc.a(btl_ebl_parser.o)
                0x0000000000002638                gbl_getData
 *fill*         0x0000000000002722        0x2 
 .text.ebl_parseHeader
                0x0000000000002724       0x7c /Applications/Simplicity Studio.app/Contents/Eclipse/developer/sdks/gecko_sdk_suite/v3.1//platform/bootloader/build/lib/libparser_efx32xg22_gcc.a(btl_ebl_parser.o)
 .text.gbl_writeProgData
                0x00000000000027a0       0xa4 /Applications/Simplicity Studio.app/Contents/Eclipse/developer/sdks/gecko_sdk_suite/v3.1//platform/bootloader/build/lib/libparser_efx32xg22_gcc.a(btl_ebl_parser.o)
                0x00000000000027a0                gbl_writeProgData
 .text.parser_init
                0x0000000000002844       0x8a /Applications/Simplicity Studio.app/Contents/Eclipse/developer/sdks/gecko_sdk_suite/v3.1//platform/bootloader/build/lib/libparser_efx32xg22_gcc.a(btl_ebl_parser.o)
                0x0000000000002844                parser_init
 *fill*         0x00000000000028ce        0x2 
 .text.parser_parse
                0x00000000000028d0      0x900 /Applications/Simplicity Studio.app/Contents/Eclipse/developer/sdks/gecko_sdk_suite/v3.1//platform/bootloader/build/lib/libparser_efx32xg22_gcc.a(btl_ebl_parser.o)
                0x00000000000028d0                parser_parse
 .text.memcmp   0x00000000000031d0       0x1e /Applications/Simplicity Studio.app/Contents/Eclipse/developer/toolchains/gnu_arm/7.2_2017q4/bin/../lib/gcc/arm-none-eabi/7.2.1/../../../../arm-none-eabi/lib/thumb/v8-m.main/fpv5-sp/softfp/libc_nano.a(lib_a-memcmp.o)
                0x00000000000031d0                memcmp
 .text.memcpy   0x00000000000031ee       0x16 /Applications/Simplicity Studio.app/Contents/Eclipse/developer/toolchains/gnu_arm/7.2_2017q4/bin/../lib/gcc/arm-none-eabi/7.2.1/../../../../arm-none-eabi/lib/thumb/v8-m.main/fpv5-sp/softfp/libc_nano.a(lib_a-memcpy-stub.o)
                0x00000000000031ee                memcpy
 .text.memset   0x0000000000003204       0x10 /Applications/Simplicity Studio.app/Contents/Eclipse/developer/toolchains/gnu_arm/7.2_2017q4/bin/../lib/gcc/arm-none-eabi/7.2.1/../../../../arm-none-eabi/lib/thumb/v8-m.main/fpv5-sp/softfp/libc_nano.a(lib_a-memset.o)
                0x0000000000003204                memset
 *(.init)
 .init          0x0000000000003214        0x4 /Applications/Simplicity Studio.app/Contents/Eclipse/developer/toolchains/gnu_arm/7.2_2017q4/bin/../lib/gcc/arm-none-eabi/7.2.1/thumb/v8-m.main/fpv5-sp/softfp/crti.o
                0x0000000000003214                _init
 .init          0x0000000000003218        0x8 /Applications/Simplicity Studio.app/Contents/Eclipse/developer/toolchains/gnu_arm/7.2_2017q4/bin/../lib/gcc/arm-none-eabi/7.2.1/thumb/v8-m.main/fpv5-sp/softfp/crtn.o
 *(.fini)
 .fini          0x0000000000003220        0x4 /Applications/Simplicity Studio.app/Contents/Eclipse/developer/toolchains/gnu_arm/7.2_2017q4/bin/../lib/gcc/arm-none-eabi/7.2.1/thumb/v8-m.main/fpv5-sp/softfp/crti.o
                0x0000000000003220                _fini
 .fini          0x0000000000003224        0x8 /Applications/Simplicity Studio.app/Contents/Eclipse/developer/toolchains/gnu_arm/7.2_2017q4/bin/../lib/gcc/arm-none-eabi/7.2.1/thumb/v8-m.main/fpv5-sp/softfp/crtn.o
 *crtbegin.o(.ctors)
 *crtbegin?.o(.ctors)
 *(EXCLUDE_FILE(*crtend.o *crtend?.o) .ctors)
 *(SORT_BY_NAME(.ctors.*))
 *(.ctors)
 *crtbegin.o(.dtors)
 *crtbegin?.o(.dtors)
 *(EXCLUDE_FILE(*crtend.o *crtend?.o) .dtors)
 *(SORT_BY_NAME(.dtors.*))
 *(.dtors)
 *(.rodata*)
 .rodata.mainStageTable
                0x000000000000322c       0x40 ./core/btl_main.o
                0x000000000000322c                mainStageTable
 .rodata.sl_app_properties
                0x000000000000326c       0x40 ./core/btl_main.o
                0x000000000000326c                sl_app_properties
 .rodata.init_state_sha256
                0x00000000000032ac       0x20 ./crypto/btl_sha256.o
 .rodata.shax_padding
                0x00000000000032cc       0x40 ./crypto/btl_sha256.o
 .rodata.deviceInfo
                0x000000000000330c       0x1c ./internal_flash/btl_storage_internal_flash.o
 .rodata.storageLayout
                0x0000000000003328       0x10 ./internal_flash/btl_storage_internal_flash.o
                0x0000000000003328                storageLayout
 .rodata.str1.1
                0x0000000000003338        0x6 ./internal_flash/btl_storage_internal_flash.o
 *fill*         0x000000000000333e        0x2 
 .rodata.NULL_blk
                0x0000000000003340        0xc ./mbedtls/EFR32_2_2/cryptolib_types.o
                0x0000000000003340                NULL_blk
 .rodata.mode_select
                0x000000000000334c       0x24 ./mbedtls/EFR32_2_2/sx_blk_cipher.o
                0x000000000000334c                mode_select
 .rodata.operation_select
                0x0000000000003370        0x8 ./mbedtls/EFR32_2_2/sx_blk_cipher.o
                0x0000000000003370                operation_select
 .rodata.ecc_p256_params
                0x0000000000003378       0xc0 ./mbedtls/EFR32_2_2/sx_ecc_curves.o
 .rodata.sx_ecc_curve_p256
                0x0000000000003438       0x14 ./mbedtls/EFR32_2_2/sx_ecc_curves.o
                0x0000000000003438                sx_ecc_curve_p256
 .rodata.CSWTCH.11
                0x000000000000344c        0x7 ./mbedtls/EFR32_2_2/sx_hash.o
 .rodata.CSWTCH.13
                0x0000000000003453        0x7 ./mbedtls/EFR32_2_2/sx_hash.o
 .rodata.CSWTCH.19
                0x000000000000345a        0x7 ./mbedtls/EFR32_2_2/sx_hash.o
 .rodata        0x0000000000003461       0x10 /Applications/Simplicity Studio.app/Contents/Eclipse/developer/sdks/gecko_sdk_suite/v3.1//platform/bootloader/build/lib/libbootloader_efx32xg22_gcc.a(btl_internal_bootload.o)
 *fill*         0x0000000000003471        0x3 
 .rodata.storageFunctions
                0x0000000000003474       0x44 /Applications/Simplicity Studio.app/Contents/Eclipse/developer/sdks/gecko_sdk_suite/v3.1//platform/bootloader/build/lib/libstorage_efx32xg22_gcc.a(btl_storage_library.o)
                0x0000000000003474                storageFunctions
 *(.eh_frame*)
 .eh_frame      0x00000000000034b8        0x0 /Applications/Simplicity Studio.app/Contents/Eclipse/developer/toolchains/gnu_arm/7.2_2017q4/bin/../lib/gcc/arm-none-eabi/7.2.1/thumb/v8-m.main/fpv5-sp/softfp/crtbegin.o
 .eh_frame      0x00000000000034b8        0x4 /Applications/Simplicity Studio.app/Contents/Eclipse/developer/toolchains/gnu_arm/7.2_2017q4/bin/../lib/gcc/arm-none-eabi/7.2.1/thumb/v8-m.main/fpv5-sp/softfp/crtend.o

.glue_7         0x00000000000034bc        0x0
 .glue_7        0x00000000000034bc        0x0 linker stubs

.glue_7t        0x00000000000034bc        0x0
 .glue_7t       0x00000000000034bc        0x0 linker stubs

.vfp11_veneer   0x00000000000034bc        0x0
 .vfp11_veneer  0x00000000000034bc        0x0 linker stubs

.v4_bx          0x00000000000034bc        0x0
 .v4_bx         0x00000000000034bc        0x0 linker stubs

.iplt           0x00000000000034bc        0x0
 .iplt          0x00000000000034bc        0x0 /Applications/Simplicity Studio.app/Contents/Eclipse/developer/toolchains/gnu_arm/7.2_2017q4/bin/../lib/gcc/arm-none-eabi/7.2.1/thumb/v8-m.main/fpv5-sp/softfp/crtbegin.o

.rel.dyn        0x00000000000034bc        0x0
 .rel.iplt      0x00000000000034bc        0x0 /Applications/Simplicity Studio.app/Contents/Eclipse/developer/toolchains/gnu_arm/7.2_2017q4/bin/../lib/gcc/arm-none-eabi/7.2.1/thumb/v8-m.main/fpv5-sp/softfp/crtbegin.o

.ARM.extab
 *(.ARM.extab* .gnu.linkonce.armextab.*)
                0x00000000000034bc                __exidx_start = .

.ARM.exidx
 *(.ARM.exidx* .gnu.linkonce.armexidx.*)
                0x00000000000034bc                __exidx_end = .
                0x00000000000034bc                __etext = .

.crashinfo      0x0000000020000000      0x100
                0x0000000020000100                . = (. + 0x100)
 *fill*         0x0000000020000000      0x100 

.data           0x0000000020000100        0x8 load address 0x00000000000034bc
                0x0000000020000100                __data_start__ = .
 *(vtable)
 *(.data*)
                0x0000000020000100                . = ALIGN (0x4)
 *(.ram)
                0x0000000020000100                . = ALIGN (0x4)
                0x0000000020000100                PROVIDE (__preinit_array_start, .)
 *(.preinit_array)
                0x0000000020000100                PROVIDE (__preinit_array_end, .)
                0x0000000020000100                . = ALIGN (0x4)
                0x0000000020000100                PROVIDE (__init_array_start, .)
 *(SORT_BY_NAME(.init_array.*))
 *(.init_array)
 .init_array    0x0000000020000100        0x4 /Applications/Simplicity Studio.app/Contents/Eclipse/developer/toolchains/gnu_arm/7.2_2017q4/bin/../lib/gcc/arm-none-eabi/7.2.1/thumb/v8-m.main/fpv5-sp/softfp/crtbegin.o
                0x0000000020000104                PROVIDE (__init_array_end, .)
                0x0000000020000104                . = ALIGN (0x4)
                [!provide]                        PROVIDE (__fini_array_start, .)
 *(SORT_BY_NAME(.fini_array.*))
 *(.fini_array)
 .fini_array    0x0000000020000104        0x4 /Applications/Simplicity Studio.app/Contents/Eclipse/developer/toolchains/gnu_arm/7.2_2017q4/bin/../lib/gcc/arm-none-eabi/7.2.1/thumb/v8-m.main/fpv5-sp/softfp/crtbegin.o
                [!provide]                        PROVIDE (__fini_array_end, .)
 *(.jcr*)
                0x0000000020000108                . = ALIGN (0x4)
                0x0000000020000108                __data_end__ = .
                0x00000000000034c4                __rom_end__ = (__etext + SIZEOF (.data))

.igot.plt       0x0000000020000108        0x0 load address 0x00000000000034c4
 .igot.plt      0x0000000020000108        0x0 /Applications/Simplicity Studio.app/Contents/Eclipse/developer/toolchains/gnu_arm/7.2_2017q4/bin/../lib/gcc/arm-none-eabi/7.2.1/thumb/v8-m.main/fpv5-sp/softfp/crtbegin.o

.bss            0x0000000020000108       0x20 load address 0x00000000000034c4
                0x0000000020000108                . = ALIGN (0x4)
                0x0000000020000108                __bss_start__ = .
 *(.bss*)
 .bss           0x0000000020000108       0x1c /Applications/Simplicity Studio.app/Contents/Eclipse/developer/toolchains/gnu_arm/7.2_2017q4/bin/../lib/gcc/arm-none-eabi/7.2.1/thumb/v8-m.main/fpv5-sp/softfp/crtbegin.o
 *(COMMON)
 COMMON         0x0000000020000124        0x2 ./mbedtls/EFR32_2_2/sx_aes.o
                0x0000000020000124                aes_hw_key2
                0x0000000020000125                aes_hw_key1
                0x0000000020000128                . = ALIGN (0x4)
 *fill*         0x0000000020000126        0x2 
                0x0000000020000128                __bss_end__ = .

.heap           0x0000000020000128      0xc00
                0x0000000020000128                __HeapBase = .
                0x0000000020000128                __end__ = .
                0x0000000020000128                end = __end__
                0x0000000020000128                _end = __end__
 *(.heap*)
 .heap          0x0000000020000128      0xc00 ./core/EFR32/gcc/main_btl_startup.o
                0x0000000020000d28                __HeapLimit = .

.stack_dummy    0x0000000020000d28     0x1000
 *(.stack*)
 .stack         0x0000000020000d28     0x1000 ./core/EFR32/gcc/main_btl_startup.o
                0x0000000020008000                __StackTop = (ORIGIN (RAM) + LENGTH (RAM))
                0x0000000020007000                __StackLimit = (__StackTop - SIZEOF (.stack_dummy))
                0x0000000020008000                PROVIDE (__stack, __StackTop)
                0x0000000000000001                ASSERT ((__StackLimit >= __HeapLimit), region RAM overflowed with stack)
                0x0000000000000001                ASSERT ((((LENGTH (FLASH) - 0x40) - 0x20) >= ((__etext + SIZEOF (.data)) - ORIGIN (FLASH))), FLASH memory overflowed !)
OUTPUT(bootloader-storage-internal-single-352k_2.axf elf32-littlearm)

.ARM.attributes
                0x0000000000000000       0x34
 .ARM.attributes
                0x0000000000000000       0x26 /Applications/Simplicity Studio.app/Contents/Eclipse/developer/toolchains/gnu_arm/7.2_2017q4/bin/../lib/gcc/arm-none-eabi/7.2.1/thumb/v8-m.main/fpv5-sp/softfp/crti.o
 .ARM.attributes
                0x0000000000000026       0x36 /Applications/Simplicity Studio.app/Contents/Eclipse/developer/toolchains/gnu_arm/7.2_2017q4/bin/../lib/gcc/arm-none-eabi/7.2.1/thumb/v8-m.main/fpv5-sp/softfp/crtbegin.o
 .ARM.attributes
                0x000000000000005c       0x3a ./CMSIS/system_bgm22.o
 .ARM.attributes
                0x0000000000000096       0x3a ./core/EFR32/gcc/main_btl_startup.o
 .ARM.attributes
                0x00000000000000d0       0x3a ./core/btl_bootload.o
 .ARM.attributes
                0x000000000000010a       0x3a ./core/btl_core.o
 .ARM.attributes
                0x0000000000000144       0x3a ./core/btl_main.o
 .ARM.attributes
                0x000000000000017e       0x3a ./crc/btl_crc32.o
 .ARM.attributes
                0x00000000000001b8       0x3a ./crypto/btl_security_aes.o
 .ARM.attributes
                0x00000000000001f2       0x3a ./crypto/btl_security_ecdsa.o
 .ARM.attributes
                0x000000000000022c       0x3a ./crypto/btl_security_sha256.o
 .ARM.attributes
                0x0000000000000266       0x3a ./crypto/btl_sha256.o
 .ARM.attributes
                0x00000000000002a0       0x3a ./crypto/cryptoacc_sha.o
 .ARM.attributes
                0x00000000000002da       0x3a ./emlib/em_cmu.o
 .ARM.attributes
                0x0000000000000314       0x3a ./emlib/em_msc.o
 .ARM.attributes
                0x000000000000034e       0x3a ./emlib/em_se.o
 .ARM.attributes
                0x0000000000000388       0x3a ./internal_flash/btl_storage_internal_flash.o
 .ARM.attributes
                0x00000000000003c2       0x3a ./mbedtls/EFR32_2_2/ba414ep_config.o
 .ARM.attributes
                0x00000000000003fc       0x3a ./mbedtls/EFR32_2_2/cryptodma_internal.o
 .ARM.attributes
                0x0000000000000436       0x3a ./mbedtls/EFR32_2_2/cryptolib_types.o
 .ARM.attributes
                0x0000000000000470       0x3a ./mbedtls/EFR32_2_2/sx_aes.o
 .ARM.attributes
                0x00000000000004aa       0x3a ./mbedtls/EFR32_2_2/sx_blk_cipher.o
 .ARM.attributes
                0x00000000000004e4       0x3a ./mbedtls/EFR32_2_2/sx_ecc_curves.o
 .ARM.attributes
                0x000000000000051e       0x3a ./mbedtls/EFR32_2_2/sx_ecdsa_alg.o
 .ARM.attributes
                0x0000000000000558       0x3a ./mbedtls/EFR32_2_2/sx_hash.o
 .ARM.attributes
                0x0000000000000592       0x3a ./mbedtls/EFR32_2_2/sx_memcpy.o
 .ARM.attributes
                0x00000000000005cc       0x3a ./mbedtls/cryptoacc_aes.o
 .ARM.attributes
                0x0000000000000606       0x3a ./mbedtls/cryptoacc_management.o
 .ARM.attributes
                0x0000000000000640       0x3a ./parser/btl_gbl_custom_tags.o
 .ARM.attributes
                0x000000000000067a       0x3a ./parser/btl_image_parser.o
 .ARM.attributes
                0x00000000000006b4       0x3a ./storage-common/btl_storage.o
 .ARM.attributes
                0x00000000000006ee       0x3a ./token-management/btl_security_tokens.o
 .ARM.attributes
                0x0000000000000728       0x3a /Applications/Simplicity Studio.app/Contents/Eclipse/developer/sdks/gecko_sdk_suite/v3.1//platform/bootloader/build/lib/libbootloader_efx32xg22_gcc.a(btl_internal_flash.o)
 .ARM.attributes
                0x0000000000000762       0x3a /Applications/Simplicity Studio.app/Contents/Eclipse/developer/sdks/gecko_sdk_suite/v3.1//platform/bootloader/build/lib/libbootloader_efx32xg22_gcc.a(btl_internal_bootload.o)
 .ARM.attributes
                0x000000000000079c       0x3a /Applications/Simplicity Studio.app/Contents/Eclipse/developer/sdks/gecko_sdk_suite/v3.1//platform/bootloader/build/lib/libbootloader_efx32xg22_gcc.a(btl_parse.o)
 .ARM.attributes
                0x00000000000007d6       0x3a /Applications/Simplicity Studio.app/Contents/Eclipse/developer/sdks/gecko_sdk_suite/v3.1//platform/bootloader/build/lib/libbootloader_efx32xg22_gcc.a(btl_reset.o)
 .ARM.attributes
                0x0000000000000810       0x3a /Applications/Simplicity Studio.app/Contents/Eclipse/developer/sdks/gecko_sdk_suite/v3.1//platform/bootloader/build/lib/libstorage_efx32xg22_gcc.a(btl_storage_library.o)
 .ARM.attributes
                0x000000000000084a       0x3a /Applications/Simplicity Studio.app/Contents/Eclipse/developer/sdks/gecko_sdk_suite/v3.1//platform/bootloader/build/lib/libstorage_efx32xg22_gcc.a(btl_storage_bootloadinfo.o)
 .ARM.attributes
                0x0000000000000884       0x3a /Applications/Simplicity Studio.app/Contents/Eclipse/developer/sdks/gecko_sdk_suite/v3.1//platform/bootloader/build/lib/libparser_efx32xg22_gcc.a(btl_ebl_parser.o)
 .ARM.attributes
                0x00000000000008be       0x36 /Applications/Simplicity Studio.app/Contents/Eclipse/developer/toolchains/gnu_arm/7.2_2017q4/bin/../lib/gcc/arm-none-eabi/7.2.1/../../../../arm-none-eabi/lib/thumb/v8-m.main/fpv5-sp/softfp/libc_nano.a(lib_a-memcmp.o)
 .ARM.attributes
                0x00000000000008f4       0x36 /Applications/Simplicity Studio.app/Contents/Eclipse/developer/toolchains/gnu_arm/7.2_2017q4/bin/../lib/gcc/arm-none-eabi/7.2.1/../../../../arm-none-eabi/lib/thumb/v8-m.main/fpv5-sp/softfp/libc_nano.a(lib_a-memcpy-stub.o)
 .ARM.attributes
                0x000000000000092a       0x36 /Applications/Simplicity Studio.app/Contents/Eclipse/developer/toolchains/gnu_arm/7.2_2017q4/bin/../lib/gcc/arm-none-eabi/7.2.1/../../../../arm-none-eabi/lib/thumb/v8-m.main/fpv5-sp/softfp/libc_nano.a(lib_a-memset.o)
 .ARM.attributes
                0x0000000000000960       0x36 /Applications/Simplicity Studio.app/Contents/Eclipse/developer/toolchains/gnu_arm/7.2_2017q4/bin/../lib/gcc/arm-none-eabi/7.2.1/thumb/v8-m.main/fpv5-sp/softfp/crtend.o
 .ARM.attributes
                0x0000000000000996       0x26 /Applications/Simplicity Studio.app/Contents/Eclipse/developer/toolchains/gnu_arm/7.2_2017q4/bin/../lib/gcc/arm-none-eabi/7.2.1/thumb/v8-m.main/fpv5-sp/softfp/crtn.o

.comment        0x0000000000000000       0x7e
 .comment       0x0000000000000000       0x7e ./CMSIS/system_bgm22.o
                                         0x7f (size before relaxing)
 .comment       0x000000000000007e       0x7f ./core/EFR32/gcc/main_btl_startup.o
 .comment       0x000000000000007e       0x7f ./core/btl_bootload.o
 .comment       0x000000000000007e       0x7f ./core/btl_core.o
 .comment       0x000000000000007e       0x7f ./core/btl_main.o
 .comment       0x000000000000007e       0x7f ./crc/btl_crc32.o
 .comment       0x000000000000007e       0x7f ./crypto/btl_security_aes.o
 .comment       0x000000000000007e       0x7f ./crypto/btl_security_ecdsa.o
 .comment       0x000000000000007e       0x7f ./crypto/btl_security_sha256.o
 .comment       0x000000000000007e       0x7f ./crypto/btl_sha256.o
 .comment       0x000000000000007e       0x7f ./crypto/cryptoacc_sha.o
 .comment       0x000000000000007e       0x7f ./emlib/em_cmu.o
 .comment       0x000000000000007e       0x7f ./emlib/em_msc.o
 .comment       0x000000000000007e       0x7f ./emlib/em_se.o
 .comment       0x000000000000007e       0x7f ./internal_flash/btl_storage_internal_flash.o
 .comment       0x000000000000007e       0x7f ./mbedtls/EFR32_2_2/ba414ep_config.o
 .comment       0x000000000000007e       0x7f ./mbedtls/EFR32_2_2/cryptodma_internal.o
 .comment       0x000000000000007e       0x7f ./mbedtls/EFR32_2_2/cryptolib_types.o
 .comment       0x000000000000007e       0x7f ./mbedtls/EFR32_2_2/sx_aes.o
 .comment       0x000000000000007e       0x7f ./mbedtls/EFR32_2_2/sx_blk_cipher.o
 .comment       0x000000000000007e       0x7f ./mbedtls/EFR32_2_2/sx_ecc_curves.o
 .comment       0x000000000000007e       0x7f ./mbedtls/EFR32_2_2/sx_ecdsa_alg.o
 .comment       0x000000000000007e       0x7f ./mbedtls/EFR32_2_2/sx_hash.o
 .comment       0x000000000000007e       0x7f ./mbedtls/EFR32_2_2/sx_memcpy.o
 .comment       0x000000000000007e       0x7f ./mbedtls/cryptoacc_aes.o
 .comment       0x000000000000007e       0x7f ./mbedtls/cryptoacc_management.o
 .comment       0x000000000000007e       0x7f ./parser/btl_gbl_custom_tags.o
 .comment       0x000000000000007e       0x7f ./parser/btl_image_parser.o
 .comment       0x000000000000007e       0x7f ./storage-common/btl_storage.o
 .comment       0x000000000000007e       0x7f ./token-management/btl_security_tokens.o
 .comment       0x000000000000007e       0x7f /Applications/Simplicity Studio.app/Contents/Eclipse/developer/sdks/gecko_sdk_suite/v3.1//platform/bootloader/build/lib/libbootloader_efx32xg22_gcc.a(btl_internal_flash.o)
 .comment       0x000000000000007e       0x7f /Applications/Simplicity Studio.app/Contents/Eclipse/developer/sdks/gecko_sdk_suite/v3.1//platform/bootloader/build/lib/libbootloader_efx32xg22_gcc.a(btl_internal_bootload.o)
 .comment       0x000000000000007e       0x7f /Applications/Simplicity Studio.app/Contents/Eclipse/developer/sdks/gecko_sdk_suite/v3.1//platform/bootloader/build/lib/libbootloader_efx32xg22_gcc.a(btl_parse.o)
 .comment       0x000000000000007e       0x7f /Applications/Simplicity Studio.app/Contents/Eclipse/developer/sdks/gecko_sdk_suite/v3.1//platform/bootloader/build/lib/libbootloader_efx32xg22_gcc.a(btl_reset.o)
 .comment       0x000000000000007e       0x7f /Applications/Simplicity Studio.app/Contents/Eclipse/developer/sdks/gecko_sdk_suite/v3.1//platform/bootloader/build/lib/libstorage_efx32xg22_gcc.a(btl_storage_library.o)
 .comment       0x000000000000007e       0x7f /Applications/Simplicity Studio.app/Contents/Eclipse/developer/sdks/gecko_sdk_suite/v3.1//platform/bootloader/build/lib/libstorage_efx32xg22_gcc.a(btl_storage_bootloadinfo.o)
 .comment       0x000000000000007e       0x7f /Applications/Simplicity Studio.app/Contents/Eclipse/developer/sdks/gecko_sdk_suite/v3.1//platform/bootloader/build/lib/libparser_efx32xg22_gcc.a(btl_ebl_parser.o)

.debug_info     0x0000000000000000    0x2e423
 .debug_info    0x0000000000000000     0x127f ./CMSIS/system_bgm22.o
 .debug_info    0x000000000000127f      0xb11 ./core/EFR32/gcc/main_btl_startup.o
 .debug_info    0x0000000000001d90      0x2b0 ./core/btl_bootload.o
 .debug_info    0x0000000000002040      0x1b3 ./core/btl_core.o
 .debug_info    0x00000000000021f3     0x2af8 ./core/btl_main.o
 .debug_info    0x0000000000004ceb     0x1015 ./crc/btl_crc32.o
 .debug_info    0x0000000000005d00     0x197a ./crypto/btl_security_aes.o
 .debug_info    0x000000000000767a     0x199f ./crypto/btl_security_ecdsa.o
 .debug_info    0x0000000000009019      0xf44 ./crypto/btl_security_sha256.o
 .debug_info    0x0000000000009f5d     0x11c0 ./crypto/btl_sha256.o
 .debug_info    0x000000000000b11d      0xc58 ./crypto/cryptoacc_sha.o
 .debug_info    0x000000000000bd75     0x5ad1 ./emlib/em_cmu.o
 .debug_info    0x0000000000011846     0x27e4 ./emlib/em_msc.o
 .debug_info    0x000000000001402a     0x1fc1 ./emlib/em_se.o
 .debug_info    0x0000000000015feb     0x20b7 ./internal_flash/btl_storage_internal_flash.o
 .debug_info    0x00000000000180a2     0x189f ./mbedtls/EFR32_2_2/ba414ep_config.o
 .debug_info    0x0000000000019941     0x119d ./mbedtls/EFR32_2_2/cryptodma_internal.o
 .debug_info    0x000000000001aade      0xb81 ./mbedtls/EFR32_2_2/cryptolib_types.o
 .debug_info    0x000000000001b65f     0x3e22 ./mbedtls/EFR32_2_2/sx_aes.o
 .debug_info    0x000000000001f481     0x3e30 ./mbedtls/EFR32_2_2/sx_blk_cipher.o
 .debug_info    0x00000000000232b1     0x12b9 ./mbedtls/EFR32_2_2/sx_ecc_curves.o
 .debug_info    0x000000000002456a     0x1753 ./mbedtls/EFR32_2_2/sx_ecdsa_alg.o
 .debug_info    0x0000000000025cbd     0x199c ./mbedtls/EFR32_2_2/sx_hash.o
 .debug_info    0x0000000000027659      0xf7f ./mbedtls/EFR32_2_2/sx_memcpy.o
 .debug_info    0x00000000000285d8     0x1b73 ./mbedtls/cryptoacc_aes.o
 .debug_info    0x000000000002a14b     0x17ea ./mbedtls/cryptoacc_management.o
 .debug_info    0x000000000002b935      0x5e9 ./parser/btl_gbl_custom_tags.o
 .debug_info    0x000000000002bf1e     0x12d8 ./parser/btl_image_parser.o
 .debug_info    0x000000000002d1f6     0x109e ./storage-common/btl_storage.o
 .debug_info    0x000000000002e294      0x18f ./token-management/btl_security_tokens.o

.debug_abbrev   0x0000000000000000     0x525b
 .debug_abbrev  0x0000000000000000      0x256 ./CMSIS/system_bgm22.o
 .debug_abbrev  0x0000000000000256      0x1c8 ./core/EFR32/gcc/main_btl_startup.o
 .debug_abbrev  0x000000000000041e      0x1ce ./core/btl_bootload.o
 .debug_abbrev  0x00000000000005ec       0xf6 ./core/btl_core.o
 .debug_abbrev  0x00000000000006e2      0x37d ./core/btl_main.o
 .debug_abbrev  0x0000000000000a5f      0x113 ./crc/btl_crc32.o
 .debug_abbrev  0x0000000000000b72      0x26d ./crypto/btl_security_aes.o
 .debug_abbrev  0x0000000000000ddf      0x281 ./crypto/btl_security_ecdsa.o
 .debug_abbrev  0x0000000000001060      0x1d3 ./crypto/btl_security_sha256.o
 .debug_abbrev  0x0000000000001233      0x356 ./crypto/btl_sha256.o
 .debug_abbrev  0x0000000000001589      0x23b ./crypto/cryptoacc_sha.o
 .debug_abbrev  0x00000000000017c4      0x4f8 ./emlib/em_cmu.o
 .debug_abbrev  0x0000000000001cbc      0x302 ./emlib/em_msc.o
 .debug_abbrev  0x0000000000001fbe      0x29e ./emlib/em_se.o
 .debug_abbrev  0x000000000000225c      0x2e1 ./internal_flash/btl_storage_internal_flash.o
 .debug_abbrev  0x000000000000253d      0x480 ./mbedtls/EFR32_2_2/ba414ep_config.o
 .debug_abbrev  0x00000000000029bd      0x3ef ./mbedtls/EFR32_2_2/cryptodma_internal.o
 .debug_abbrev  0x0000000000002dac      0x1ae ./mbedtls/EFR32_2_2/cryptolib_types.o
 .debug_abbrev  0x0000000000002f5a      0x347 ./mbedtls/EFR32_2_2/sx_aes.o
 .debug_abbrev  0x00000000000032a1      0x4ad ./mbedtls/EFR32_2_2/sx_blk_cipher.o
 .debug_abbrev  0x000000000000374e      0x260 ./mbedtls/EFR32_2_2/sx_ecc_curves.o
 .debug_abbrev  0x00000000000039ae      0x37f ./mbedtls/EFR32_2_2/sx_ecdsa_alg.o
 .debug_abbrev  0x0000000000003d2d      0x448 ./mbedtls/EFR32_2_2/sx_hash.o
 .debug_abbrev  0x0000000000004175      0x349 ./mbedtls/EFR32_2_2/sx_memcpy.o
 .debug_abbrev  0x00000000000044be      0x476 ./mbedtls/cryptoacc_aes.o
 .debug_abbrev  0x0000000000004934      0x23d ./mbedtls/cryptoacc_management.o
 .debug_abbrev  0x0000000000004b71      0x15b ./parser/btl_gbl_custom_tags.o
 .debug_abbrev  0x0000000000004ccc      0x23c ./parser/btl_image_parser.o
 .debug_abbrev  0x0000000000004f08      0x28e ./storage-common/btl_storage.o
 .debug_abbrev  0x0000000000005196       0xc5 ./token-management/btl_security_tokens.o

.debug_loc      0x0000000000000000    0x118a4
 .debug_loc     0x0000000000000000       0xa0 ./CMSIS/system_bgm22.o
 .debug_loc     0x00000000000000a0       0x63 ./core/EFR32/gcc/main_btl_startup.o
 .debug_loc     0x0000000000000103       0xa5 ./core/btl_bootload.o
 .debug_loc     0x00000000000001a8      0x110 ./core/btl_main.o
 .debug_loc     0x00000000000002b8       0xb4 ./crc/btl_crc32.o
 .debug_loc     0x000000000000036c      0x479 ./crypto/btl_security_aes.o
 .debug_loc     0x00000000000007e5      0x1d2 ./crypto/btl_security_ecdsa.o
 .debug_loc     0x00000000000009b7      0x2d1 ./crypto/btl_security_sha256.o
 .debug_loc     0x0000000000000c88      0x830 ./crypto/btl_sha256.o
 .debug_loc     0x00000000000014b8      0x1e2 ./crypto/cryptoacc_sha.o
 .debug_loc     0x000000000000169a     0x23e5 ./emlib/em_cmu.o
 .debug_loc     0x0000000000003a7f      0x69a ./emlib/em_msc.o
 .debug_loc     0x0000000000004119      0x6eb ./emlib/em_se.o
 .debug_loc     0x0000000000004804      0x3f0 ./internal_flash/btl_storage_internal_flash.o
 .debug_loc     0x0000000000004bf4      0x95d ./mbedtls/EFR32_2_2/ba414ep_config.o
 .debug_loc     0x0000000000005551      0x3b2 ./mbedtls/EFR32_2_2/cryptodma_internal.o
 .debug_loc     0x0000000000005903     0x5533 ./mbedtls/EFR32_2_2/sx_aes.o
 .debug_loc     0x000000000000ae36     0x3b2e ./mbedtls/EFR32_2_2/sx_blk_cipher.o
 .debug_loc     0x000000000000e964       0x5b ./mbedtls/EFR32_2_2/sx_ecc_curves.o
 .debug_loc     0x000000000000e9bf      0x749 ./mbedtls/EFR32_2_2/sx_ecdsa_alg.o
 .debug_loc     0x000000000000f108      0xba9 ./mbedtls/EFR32_2_2/sx_hash.o
 .debug_loc     0x000000000000fcb1      0x4b4 ./mbedtls/EFR32_2_2/sx_memcpy.o
 .debug_loc     0x0000000000010165     0x15ce ./mbedtls/cryptoacc_aes.o
 .debug_loc     0x0000000000011733       0x4a ./mbedtls/cryptoacc_management.o
 .debug_loc     0x000000000001177d       0x42 ./parser/btl_gbl_custom_tags.o
 .debug_loc     0x00000000000117bf       0x63 ./parser/btl_image_parser.o
 .debug_loc     0x0000000000011822       0x82 ./storage-common/btl_storage.o

.debug_aranges  0x0000000000000000      0xca0
 .debug_aranges
                0x0000000000000000       0x88 ./CMSIS/system_bgm22.o
 .debug_aranges
                0x0000000000000088       0x28 ./core/EFR32/gcc/main_btl_startup.o
 .debug_aranges
                0x00000000000000b0       0x50 ./core/btl_bootload.o
 .debug_aranges
                0x0000000000000100       0x28 ./core/btl_core.o
 .debug_aranges
                0x0000000000000128       0x38 ./core/btl_main.o
 .debug_aranges
                0x0000000000000160       0x20 ./crc/btl_crc32.o
 .debug_aranges
                0x0000000000000180       0x40 ./crypto/btl_security_aes.o
 .debug_aranges
                0x00000000000001c0       0x20 ./crypto/btl_security_ecdsa.o
 .debug_aranges
                0x00000000000001e0       0x38 ./crypto/btl_security_sha256.o
 .debug_aranges
                0x0000000000000218       0x50 ./crypto/btl_sha256.o
 .debug_aranges
                0x0000000000000268       0x20 ./crypto/cryptoacc_sha.o
 .debug_aranges
                0x0000000000000288      0x148 ./emlib/em_cmu.o
 .debug_aranges
                0x00000000000003d0       0x68 ./emlib/em_msc.o
 .debug_aranges
                0x0000000000000438       0x80 ./emlib/em_se.o
 .debug_aranges
                0x00000000000004b8       0x58 ./internal_flash/btl_storage_internal_flash.o
 .debug_aranges
                0x0000000000000510       0x88 ./mbedtls/EFR32_2_2/ba414ep_config.o
 .debug_aranges
                0x0000000000000598       0x88 ./mbedtls/EFR32_2_2/cryptodma_internal.o
 .debug_aranges
                0x0000000000000620       0x18 ./mbedtls/EFR32_2_2/cryptolib_types.o
 .debug_aranges
                0x0000000000000638      0x248 ./mbedtls/EFR32_2_2/sx_aes.o
 .debug_aranges
                0x0000000000000880      0x150 ./mbedtls/EFR32_2_2/sx_blk_cipher.o
 .debug_aranges
                0x00000000000009d0       0x28 ./mbedtls/EFR32_2_2/sx_ecc_curves.o
 .debug_aranges
                0x00000000000009f8       0x58 ./mbedtls/EFR32_2_2/sx_ecdsa_alg.o
 .debug_aranges
                0x0000000000000a50       0x68 ./mbedtls/EFR32_2_2/sx_hash.o
 .debug_aranges
                0x0000000000000ab8       0x48 ./mbedtls/EFR32_2_2/sx_memcpy.o
 .debug_aranges
                0x0000000000000b00       0x90 ./mbedtls/cryptoacc_aes.o
 .debug_aranges
                0x0000000000000b90       0x30 ./mbedtls/cryptoacc_management.o
 .debug_aranges
                0x0000000000000bc0       0x28 ./parser/btl_gbl_custom_tags.o
 .debug_aranges
                0x0000000000000be8       0x58 ./parser/btl_image_parser.o
 .debug_aranges
                0x0000000000000c40       0x30 ./storage-common/btl_storage.o
 .debug_aranges
                0x0000000000000c70       0x30 ./token-management/btl_security_tokens.o

.debug_ranges   0x0000000000000000     0x1038
 .debug_ranges  0x0000000000000000       0x78 ./CMSIS/system_bgm22.o
 .debug_ranges  0x0000000000000078       0x18 ./core/EFR32/gcc/main_btl_startup.o
 .debug_ranges  0x0000000000000090       0x40 ./core/btl_bootload.o
 .debug_ranges  0x00000000000000d0       0x18 ./core/btl_core.o
 .debug_ranges  0x00000000000000e8       0x88 ./core/btl_main.o
 .debug_ranges  0x0000000000000170       0x10 ./crc/btl_crc32.o
 .debug_ranges  0x0000000000000180       0x30 ./crypto/btl_security_aes.o
 .debug_ranges  0x00000000000001b0       0x48 ./crypto/btl_security_ecdsa.o
 .debug_ranges  0x00000000000001f8       0x40 ./crypto/btl_security_sha256.o
 .debug_ranges  0x0000000000000238       0xb0 ./crypto/btl_sha256.o
 .debug_ranges  0x00000000000002e8       0x10 ./crypto/cryptoacc_sha.o
 .debug_ranges  0x00000000000002f8      0x1b0 ./emlib/em_cmu.o
 .debug_ranges  0x00000000000004a8       0x88 ./emlib/em_msc.o
 .debug_ranges  0x0000000000000530       0x88 ./emlib/em_se.o
 .debug_ranges  0x00000000000005b8       0x78 ./internal_flash/btl_storage_internal_flash.o
 .debug_ranges  0x0000000000000630       0x78 ./mbedtls/EFR32_2_2/ba414ep_config.o
 .debug_ranges  0x00000000000006a8       0xc8 ./mbedtls/EFR32_2_2/cryptodma_internal.o
 .debug_ranges  0x0000000000000770      0x250 ./mbedtls/EFR32_2_2/sx_aes.o
 .debug_ranges  0x00000000000009c0      0x288 ./mbedtls/EFR32_2_2/sx_blk_cipher.o
 .debug_ranges  0x0000000000000c48       0x18 ./mbedtls/EFR32_2_2/sx_ecc_curves.o
 .debug_ranges  0x0000000000000c60       0x78 ./mbedtls/EFR32_2_2/sx_ecdsa_alg.o
 .debug_ranges  0x0000000000000cd8       0xd8 ./mbedtls/EFR32_2_2/sx_hash.o
 .debug_ranges  0x0000000000000db0       0x88 ./mbedtls/EFR32_2_2/sx_memcpy.o
 .debug_ranges  0x0000000000000e38      0x140 ./mbedtls/cryptoacc_aes.o
 .debug_ranges  0x0000000000000f78       0x20 ./mbedtls/cryptoacc_management.o
 .debug_ranges  0x0000000000000f98       0x18 ./parser/btl_gbl_custom_tags.o
 .debug_ranges  0x0000000000000fb0       0x48 ./parser/btl_image_parser.o
 .debug_ranges  0x0000000000000ff8       0x20 ./storage-common/btl_storage.o
 .debug_ranges  0x0000000000001018       0x20 ./token-management/btl_security_tokens.o

.debug_macro    0x0000000000000000    0x43990
 .debug_macro   0x0000000000000000      0x2d8 ./CMSIS/system_bgm22.o
 .debug_macro   0x00000000000002d8      0xa96 ./CMSIS/system_bgm22.o
 .debug_macro   0x0000000000000d6e       0x22 ./CMSIS/system_bgm22.o
 .debug_macro   0x0000000000000d90       0x4f ./CMSIS/system_bgm22.o
 .debug_macro   0x0000000000000ddf       0x51 ./CMSIS/system_bgm22.o
 .debug_macro   0x0000000000000e30       0xef ./CMSIS/system_bgm22.o
 .debug_macro   0x0000000000000f1f       0x6a ./CMSIS/system_bgm22.o
 .debug_macro   0x0000000000000f89      0x1df ./CMSIS/system_bgm22.o
 .debug_macro   0x0000000000001168      0x7ea ./CMSIS/system_bgm22.o
 .debug_macro   0x0000000000001952       0x1c ./CMSIS/system_bgm22.o
 .debug_macro   0x000000000000196e       0x29 ./CMSIS/system_bgm22.o
 .debug_macro   0x0000000000001997       0xdf ./CMSIS/system_bgm22.o
 .debug_macro   0x0000000000001a76     0x1401 ./CMSIS/system_bgm22.o
 .debug_macro   0x0000000000002e77       0x5e ./CMSIS/system_bgm22.o
 .debug_macro   0x0000000000002ed5      0xe4f ./CMSIS/system_bgm22.o
 .debug_macro   0x0000000000003d24     0x12bd ./CMSIS/system_bgm22.o
 .debug_macro   0x0000000000004fe1      0x87c ./CMSIS/system_bgm22.o
 .debug_macro   0x000000000000585d      0x300 ./CMSIS/system_bgm22.o
 .debug_macro   0x0000000000005b5d       0x34 ./CMSIS/system_bgm22.o
 .debug_macro   0x0000000000005b91      0x304 ./CMSIS/system_bgm22.o
 .debug_macro   0x0000000000005e95      0x456 ./CMSIS/system_bgm22.o
 .debug_macro   0x00000000000062eb      0x4a1 ./CMSIS/system_bgm22.o
 .debug_macro   0x000000000000678c      0x156 ./CMSIS/system_bgm22.o
 .debug_macro   0x00000000000068e2      0x764 ./CMSIS/system_bgm22.o
 .debug_macro   0x0000000000007046      0x363 ./CMSIS/system_bgm22.o
 .debug_macro   0x00000000000073a9     0x14f4 ./CMSIS/system_bgm22.o
 .debug_macro   0x000000000000889d       0x10 ./CMSIS/system_bgm22.o
 .debug_macro   0x00000000000088ad      0x997 ./CMSIS/system_bgm22.o
 .debug_macro   0x0000000000009244     0x2b9a ./CMSIS/system_bgm22.o
 .debug_macro   0x000000000000bdde      0xcb2 ./CMSIS/system_bgm22.o
 .debug_macro   0x000000000000ca90       0x4c ./CMSIS/system_bgm22.o
 .debug_macro   0x000000000000cadc     0x15b8 ./CMSIS/system_bgm22.o
 .debug_macro   0x000000000000e094     0x210a ./CMSIS/system_bgm22.o
 .debug_macro   0x000000000001019e      0x53c ./CMSIS/system_bgm22.o
 .debug_macro   0x00000000000106da      0xfe5 ./CMSIS/system_bgm22.o
 .debug_macro   0x00000000000116bf      0x924 ./CMSIS/system_bgm22.o
 .debug_macro   0x0000000000011fe3       0x34 ./CMSIS/system_bgm22.o
 .debug_macro   0x0000000000012017      0x308 ./CMSIS/system_bgm22.o
 .debug_macro   0x000000000001231f      0x6a7 ./CMSIS/system_bgm22.o
 .debug_macro   0x00000000000129c6      0x618 ./CMSIS/system_bgm22.o
 .debug_macro   0x0000000000012fde      0x9b0 ./CMSIS/system_bgm22.o
 .debug_macro   0x000000000001398e      0x91e ./CMSIS/system_bgm22.o
 .debug_macro   0x00000000000142ac     0x1b1b ./CMSIS/system_bgm22.o
 .debug_macro   0x0000000000015dc7      0x76b ./CMSIS/system_bgm22.o
 .debug_macro   0x0000000000016532      0x8f3 ./CMSIS/system_bgm22.o
 .debug_macro   0x0000000000016e25     0x154f ./CMSIS/system_bgm22.o
 .debug_macro   0x0000000000018374      0x688 ./CMSIS/system_bgm22.o
 .debug_macro   0x00000000000189fc      0x464 ./CMSIS/system_bgm22.o
 .debug_macro   0x0000000000018e60     0x141b ./CMSIS/system_bgm22.o
 .debug_macro   0x000000000001a27b     0x15ea ./CMSIS/system_bgm22.o
 .debug_macro   0x000000000001b865     0x3753 ./CMSIS/system_bgm22.o
 .debug_macro   0x000000000001efb8     0x17a9 ./CMSIS/system_bgm22.o
 .debug_macro   0x0000000000020761      0x319 ./CMSIS/system_bgm22.o
 .debug_macro   0x0000000000020a7a     0x53ed ./CMSIS/system_bgm22.o
 .debug_macro   0x0000000000025e67     0x175c ./CMSIS/system_bgm22.o
 .debug_macro   0x00000000000275c3     0x29ed ./CMSIS/system_bgm22.o
 .debug_macro   0x0000000000029fb0     0x789f ./CMSIS/system_bgm22.o
 .debug_macro   0x000000000003184f      0x143 ./CMSIS/system_bgm22.o
 .debug_macro   0x0000000000031992      0xfae ./CMSIS/system_bgm22.o
 .debug_macro   0x0000000000032940     0x1384 ./CMSIS/system_bgm22.o
 .debug_macro   0x0000000000033cc4     0x1bff ./CMSIS/system_bgm22.o
 .debug_macro   0x00000000000358c3      0x37d ./CMSIS/system_bgm22.o
 .debug_macro   0x0000000000035c40     0x106c ./CMSIS/system_bgm22.o
 .debug_macro   0x0000000000036cac      0x311 ./core/EFR32/gcc/main_btl_startup.o
 .debug_macro   0x0000000000036fbd      0x16d ./core/EFR32/gcc/main_btl_startup.o
 .debug_macro   0x000000000003712a      0x218 ./core/EFR32/gcc/main_btl_startup.o
 .debug_macro   0x0000000000037342       0x58 ./core/EFR32/gcc/main_btl_startup.o
 .debug_macro   0x000000000003739a       0x8d ./core/EFR32/gcc/main_btl_startup.o
 .debug_macro   0x0000000000037427       0x22 ./core/EFR32/gcc/main_btl_startup.o
 .debug_macro   0x0000000000037449       0x3c ./core/EFR32/gcc/main_btl_startup.o
 .debug_macro   0x0000000000037485       0xba ./core/EFR32/gcc/main_btl_startup.o
 .debug_macro   0x000000000003753f      0x506 ./core/btl_bootload.o
 .debug_macro   0x0000000000037a45       0x1c ./core/btl_bootload.o
 .debug_macro   0x0000000000037a61       0x18 ./core/btl_bootload.o
 .debug_macro   0x0000000000037a79      0x114 ./core/btl_bootload.o
 .debug_macro   0x0000000000037b8d       0x1c ./core/btl_bootload.o
 .debug_macro   0x0000000000037ba9       0x10 ./core/btl_bootload.o
 .debug_macro   0x0000000000037bb9       0x6a ./core/btl_bootload.o
 .debug_macro   0x0000000000037c23       0xe5 ./core/btl_bootload.o
 .debug_macro   0x0000000000037d08       0xd6 ./core/btl_bootload.o
 .debug_macro   0x0000000000037dde      0x1f6 ./core/btl_bootload.o
 .debug_macro   0x0000000000037fd4       0xe0 ./core/btl_bootload.o
 .debug_macro   0x00000000000380b4      0x307 ./core/btl_bootload.o
 .debug_macro   0x00000000000383bb      0x119 ./core/btl_bootload.o
 .debug_macro   0x00000000000384d4       0x33 ./core/btl_bootload.o
 .debug_macro   0x0000000000038507       0x2e ./core/btl_bootload.o
 .debug_macro   0x0000000000038535       0xa3 ./core/btl_bootload.o
 .debug_macro   0x00000000000385d8      0x3dd ./core/btl_bootload.o
 .debug_macro   0x00000000000389b5       0x58 ./core/btl_bootload.o
 .debug_macro   0x0000000000038a0d      0x34d ./core/btl_bootload.o
 .debug_macro   0x0000000000038d5a       0x25 ./core/btl_bootload.o
 .debug_macro   0x0000000000038d7f       0xee ./core/btl_bootload.o
 .debug_macro   0x0000000000038e6d       0x12 ./core/btl_bootload.o
 .debug_macro   0x0000000000038e7f       0x2e ./core/btl_bootload.o
 .debug_macro   0x0000000000038ead       0x7a ./core/btl_bootload.o
 .debug_macro   0x0000000000038f27       0x2e ./core/btl_bootload.o
 .debug_macro   0x0000000000038f55       0x18 ./core/btl_bootload.o
 .debug_macro   0x0000000000038f6d       0x12 ./core/btl_bootload.o
 .debug_macro   0x0000000000038f7f       0x30 ./core/btl_bootload.o
 .debug_macro   0x0000000000038faf       0x28 ./core/btl_bootload.o
 .debug_macro   0x0000000000038fd7       0x10 ./core/btl_bootload.o
 .debug_macro   0x0000000000038fe7      0x3f8 ./core/btl_core.o
 .debug_macro   0x00000000000393df       0x16 ./core/btl_core.o
 .debug_macro   0x00000000000393f5      0x559 ./core/btl_main.o
 .debug_macro   0x000000000003994e       0x40 ./core/btl_main.o
 .debug_macro   0x000000000003998e      0x2c0 ./crc/btl_crc32.o
 .debug_macro   0x0000000000039c4e       0x10 ./crc/btl_crc32.o
 .debug_macro   0x0000000000039c5e      0x588 ./crypto/btl_security_aes.o
 .debug_macro   0x000000000003a1e6       0x17 ./crypto/btl_security_aes.o
 .debug_macro   0x000000000003a1fd       0x35 ./crypto/btl_security_aes.o
 .debug_macro   0x000000000003a232       0x9c ./crypto/btl_security_aes.o
 .debug_macro   0x000000000003a2ce       0x58 ./crypto/btl_security_aes.o
 .debug_macro   0x000000000003a326       0x1f ./crypto/btl_security_aes.o
 .debug_macro   0x000000000003a345       0x43 ./crypto/btl_security_aes.o
 .debug_macro   0x000000000003a388       0x20 ./crypto/btl_security_aes.o
 .debug_macro   0x000000000003a3a8      0x18e ./crypto/btl_security_aes.o
 .debug_macro   0x000000000003a536       0x10 ./crypto/btl_security_aes.o
 .debug_macro   0x000000000003a546       0x35 ./crypto/btl_security_aes.o
 .debug_macro   0x000000000003a57b       0x3a ./crypto/btl_security_aes.o
 .debug_macro   0x000000000003a5b5       0x1c ./crypto/btl_security_aes.o
 .debug_macro   0x000000000003a5d1       0x10 ./crypto/btl_security_aes.o
 .debug_macro   0x000000000003a5e1       0x10 ./crypto/btl_security_aes.o
 .debug_macro   0x000000000003a5f1       0xb6 ./crypto/btl_security_aes.o
 .debug_macro   0x000000000003a6a7       0x16 ./crypto/btl_security_aes.o
 .debug_macro   0x000000000003a6bd      0x129 ./crypto/btl_security_aes.o
 .debug_macro   0x000000000003a7e6      0x3ca ./crypto/btl_security_ecdsa.o
 .debug_macro   0x000000000003abb0       0x40 ./crypto/btl_security_ecdsa.o
 .debug_macro   0x000000000003abf0       0x40 ./crypto/btl_security_ecdsa.o
 .debug_macro   0x000000000003ac30       0x10 ./crypto/btl_security_ecdsa.o
 .debug_macro   0x000000000003ac40       0x10 ./crypto/btl_security_ecdsa.o
 .debug_macro   0x000000000003ac50       0x94 ./crypto/btl_security_ecdsa.o
 .debug_macro   0x000000000003ace4      0x495 ./crypto/btl_security_sha256.o
 .debug_macro   0x000000000003b179      0x3f0 ./crypto/btl_sha256.o
 .debug_macro   0x000000000003b569       0x9d ./crypto/btl_sha256.o
 .debug_macro   0x000000000003b606       0x1e ./crypto/btl_sha256.o
 .debug_macro   0x000000000003b624       0x3c ./crypto/btl_sha256.o
 .debug_macro   0x000000000003b660      0x651 ./crypto/cryptoacc_sha.o
 .debug_macro   0x000000000003bcb1       0x16 ./crypto/cryptoacc_sha.o
 .debug_macro   0x000000000003bcc7       0x22 ./crypto/cryptoacc_sha.o
 .debug_macro   0x000000000003bce9       0x10 ./crypto/cryptoacc_sha.o
 .debug_macro   0x000000000003bcf9      0x628 ./crypto/cryptoacc_sha.o
 .debug_macro   0x000000000003c321      0x106 ./crypto/cryptoacc_sha.o
 .debug_macro   0x000000000003c427       0x67 ./crypto/cryptoacc_sha.o
 .debug_macro   0x000000000003c48e       0x26 ./crypto/cryptoacc_sha.o
 .debug_macro   0x000000000003c4b4       0x26 ./crypto/cryptoacc_sha.o
 .debug_macro   0x000000000003c4da       0x10 ./crypto/cryptoacc_sha.o
 .debug_macro   0x000000000003c4ea       0x2e ./crypto/cryptoacc_sha.o
 .debug_macro   0x000000000003c518       0x3a ./crypto/cryptoacc_sha.o
 .debug_macro   0x000000000003c552       0x18 ./crypto/cryptoacc_sha.o
 .debug_macro   0x000000000003c56a       0x20 ./crypto/cryptoacc_sha.o
 .debug_macro   0x000000000003c58a       0x10 ./crypto/cryptoacc_sha.o
 .debug_macro   0x000000000003c59a       0x10 ./crypto/cryptoacc_sha.o
 .debug_macro   0x000000000003c5aa       0x12 ./crypto/cryptoacc_sha.o
 .debug_macro   0x000000000003c5bc       0x20 ./crypto/cryptoacc_sha.o
 .debug_macro   0x000000000003c5dc       0x2c ./crypto/cryptoacc_sha.o
 .debug_macro   0x000000000003c608       0x16 ./crypto/cryptoacc_sha.o
 .debug_macro   0x000000000003c61e       0x16 ./crypto/cryptoacc_sha.o
 .debug_macro   0x000000000003c634       0x10 ./crypto/cryptoacc_sha.o
 .debug_macro   0x000000000003c644       0x10 ./crypto/cryptoacc_sha.o
 .debug_macro   0x000000000003c654       0x2e ./crypto/cryptoacc_sha.o
 .debug_macro   0x000000000003c682       0x7f ./crypto/cryptoacc_sha.o
 .debug_macro   0x000000000003c701       0x5f ./crypto/cryptoacc_sha.o
 .debug_macro   0x000000000003c760      0x190 ./crypto/cryptoacc_sha.o
 .debug_macro   0x000000000003c8f0       0x88 ./crypto/cryptoacc_sha.o
 .debug_macro   0x000000000003c978       0x7a ./crypto/cryptoacc_sha.o
 .debug_macro   0x000000000003c9f2       0x7d ./crypto/cryptoacc_sha.o
 .debug_macro   0x000000000003ca6f       0x16 ./crypto/cryptoacc_sha.o
 .debug_macro   0x000000000003ca85      0x3a9 ./emlib/em_cmu.o
 .debug_macro   0x000000000003ce2e      0x3b6 ./emlib/em_msc.o
 .debug_macro   0x000000000003d1e4       0xdc ./emlib/em_msc.o
 .debug_macro   0x000000000003d2c0       0x3f ./emlib/em_msc.o
 .debug_macro   0x000000000003d2ff      0x331 ./emlib/em_se.o
 .debug_macro   0x000000000003d630       0xed ./emlib/em_se.o
 .debug_macro   0x000000000003d71d      0x4cd ./internal_flash/btl_storage_internal_flash.o
 .debug_macro   0x000000000003dbea      0x43e ./mbedtls/EFR32_2_2/ba414ep_config.o
 .debug_macro   0x000000000003e028       0x28 ./mbedtls/EFR32_2_2/ba414ep_config.o
 .debug_macro   0x000000000003e050      0x257 ./mbedtls/EFR32_2_2/ba414ep_config.o
 .debug_macro   0x000000000003e2a7       0x4f ./mbedtls/EFR32_2_2/ba414ep_config.o
 .debug_macro   0x000000000003e2f6       0x34 ./mbedtls/EFR32_2_2/ba414ep_config.o
 .debug_macro   0x000000000003e32a       0x64 ./mbedtls/EFR32_2_2/ba414ep_config.o
 .debug_macro   0x000000000003e38e      0x4b7 ./mbedtls/EFR32_2_2/ba414ep_config.o
 .debug_macro   0x000000000003e845       0x16 ./mbedtls/EFR32_2_2/ba414ep_config.o
 .debug_macro   0x000000000003e85b      0x146 ./mbedtls/EFR32_2_2/ba414ep_config.o
 .debug_macro   0x000000000003e9a1       0x4c ./mbedtls/EFR32_2_2/ba414ep_config.o
 .debug_macro   0x000000000003e9ed       0xa0 ./mbedtls/EFR32_2_2/ba414ep_config.o
 .debug_macro   0x000000000003ea8d      0x3ff ./mbedtls/EFR32_2_2/cryptodma_internal.o
 .debug_macro   0x000000000003ee8c      0x140 ./mbedtls/EFR32_2_2/cryptodma_internal.o
 .debug_macro   0x000000000003efcc      0x3e2 ./mbedtls/EFR32_2_2/cryptolib_types.o
 .debug_macro   0x000000000003f3ae       0x3a ./mbedtls/EFR32_2_2/cryptolib_types.o
 .debug_macro   0x000000000003f3e8      0x469 ./mbedtls/EFR32_2_2/sx_aes.o
 .debug_macro   0x000000000003f851       0x57 ./mbedtls/EFR32_2_2/sx_aes.o
 .debug_macro   0x000000000003f8a8       0x9a ./mbedtls/EFR32_2_2/sx_aes.o
 .debug_macro   0x000000000003f942       0xd6 ./mbedtls/EFR32_2_2/sx_aes.o
 .debug_macro   0x000000000003fa18      0x475 ./mbedtls/EFR32_2_2/sx_blk_cipher.o
 .debug_macro   0x000000000003fe8d      0x3ed ./mbedtls/EFR32_2_2/sx_ecc_curves.o
 .debug_macro   0x000000000004027a      0x42e ./mbedtls/EFR32_2_2/sx_ecdsa_alg.o
 .debug_macro   0x00000000000406a8      0x10e ./mbedtls/EFR32_2_2/sx_ecdsa_alg.o
 .debug_macro   0x00000000000407b6       0x86 ./mbedtls/EFR32_2_2/sx_ecdsa_alg.o
 .debug_macro   0x000000000004083c      0x44e ./mbedtls/EFR32_2_2/sx_hash.o
 .debug_macro   0x0000000000040c8a       0xbe ./mbedtls/EFR32_2_2/sx_hash.o
 .debug_macro   0x0000000000040d48      0x402 ./mbedtls/EFR32_2_2/sx_memcpy.o
 .debug_macro   0x000000000004114a      0x6cb ./mbedtls/cryptoacc_aes.o
 .debug_macro   0x0000000000041815      0x745 ./mbedtls/cryptoacc_management.o
 .debug_macro   0x0000000000041f5a       0xd7 ./mbedtls/cryptoacc_management.o
 .debug_macro   0x0000000000042031      0x716 ./mbedtls/cryptoacc_management.o
 .debug_macro   0x0000000000042747       0x18 ./mbedtls/cryptoacc_management.o
 .debug_macro   0x000000000004275f       0xc1 ./mbedtls/cryptoacc_management.o
 .debug_macro   0x0000000000042820       0x1c ./mbedtls/cryptoacc_management.o
 .debug_macro   0x000000000004283c      0x4e9 ./parser/btl_gbl_custom_tags.o
 .debug_macro   0x0000000000042d25      0x46d ./parser/btl_image_parser.o
 .debug_macro   0x0000000000043192      0x53a ./storage-common/btl_storage.o
 .debug_macro   0x00000000000436cc      0x2c4 ./token-management/btl_security_tokens.o

.debug_line     0x0000000000000000    0x1a67f
 .debug_line    0x0000000000000000      0x8d2 ./CMSIS/system_bgm22.o
 .debug_line    0x00000000000008d2      0x904 ./core/EFR32/gcc/main_btl_startup.o
 .debug_line    0x00000000000011d6     0x13a3 ./core/btl_bootload.o
 .debug_line    0x0000000000002579      0xe59 ./core/btl_core.o
 .debug_line    0x00000000000033d2     0x1554 ./core/btl_main.o
 .debug_line    0x0000000000004926      0x7f4 ./crc/btl_crc32.o
 .debug_line    0x000000000000511a     0x1268 ./crypto/btl_security_aes.o
 .debug_line    0x0000000000006382      0xa7b ./crypto/btl_security_ecdsa.o
 .debug_line    0x0000000000006dfd     0x1111 ./crypto/btl_security_sha256.o
 .debug_line    0x0000000000007f0e      0xc0a ./crypto/btl_sha256.o
 .debug_line    0x0000000000008b18     0x1013 ./crypto/cryptoacc_sha.o
 .debug_line    0x0000000000009b2b     0x11b5 ./emlib/em_cmu.o
 .debug_line    0x000000000000ace0      0xa7d ./emlib/em_msc.o
 .debug_line    0x000000000000b75d      0xb03 ./emlib/em_se.o
 .debug_line    0x000000000000c260     0x1194 ./internal_flash/btl_storage_internal_flash.o
 .debug_line    0x000000000000d3f4      0xc21 ./mbedtls/EFR32_2_2/ba414ep_config.o
 .debug_line    0x000000000000e015      0xb46 ./mbedtls/EFR32_2_2/cryptodma_internal.o
 .debug_line    0x000000000000eb5b      0x9a7 ./mbedtls/EFR32_2_2/cryptolib_types.o
 .debug_line    0x000000000000f502      0xfef ./mbedtls/EFR32_2_2/sx_aes.o
 .debug_line    0x00000000000104f1     0x12a3 ./mbedtls/EFR32_2_2/sx_blk_cipher.o
 .debug_line    0x0000000000011794      0x9f4 ./mbedtls/EFR32_2_2/sx_ecc_curves.o
 .debug_line    0x0000000000012188      0xb60 ./mbedtls/EFR32_2_2/sx_ecdsa_alg.o
 .debug_line    0x0000000000012ce8      0xbac ./mbedtls/EFR32_2_2/sx_hash.o
 .debug_line    0x0000000000013894      0xaa7 ./mbedtls/EFR32_2_2/sx_memcpy.o
 .debug_line    0x000000000001433b     0x1342 ./mbedtls/cryptoacc_aes.o
 .debug_line    0x000000000001567d     0x12a8 ./mbedtls/cryptoacc_management.o
 .debug_line    0x0000000000016925     0x12dd ./parser/btl_gbl_custom_tags.o
 .debug_line    0x0000000000017c02      0xe10 ./parser/btl_image_parser.o
 .debug_line    0x0000000000018a12     0x1458 ./storage-common/btl_storage.o
 .debug_line    0x0000000000019e6a      0x815 ./token-management/btl_security_tokens.o

.debug_str      0x0000000000000000   0x19bd31
 .debug_str     0x0000000000000000   0x174f10 ./CMSIS/system_bgm22.o
                                     0x175752 (size before relaxing)
 .debug_str     0x0000000000174f10     0x2bb1 ./core/EFR32/gcc/main_btl_startup.o
                                     0x1777a6 (size before relaxing)
 .debug_str     0x0000000000177ac1     0x7a5a ./core/btl_bootload.o
                                     0x17eb86 (size before relaxing)
 .debug_str     0x000000000017f51b      0x1a1 ./core/btl_core.o
                                     0x17bb40 (size before relaxing)
 .debug_str     0x000000000017f6bc      0xd44 ./core/btl_main.o
                                     0x1806c7 (size before relaxing)
 .debug_str     0x0000000000180400      0x25f ./crc/btl_crc32.o
                                     0x17597e (size before relaxing)
 .debug_str     0x000000000018065f     0x201e ./crypto/btl_security_aes.o
                                     0x181230 (size before relaxing)
 .debug_str     0x000000000018267d      0x95a ./crypto/btl_security_ecdsa.o
                                     0x17a36c (size before relaxing)
 .debug_str     0x0000000000182fd7      0x14b ./crypto/btl_security_sha256.o
                                     0x17f17e (size before relaxing)
 .debug_str     0x0000000000183122      0x36b ./crypto/btl_sha256.o
                                     0x179539 (size before relaxing)
 .debug_str     0x000000000018348d     0x851a ./crypto/cryptoacc_sha.o
                                     0x18252b (size before relaxing)
 .debug_str     0x000000000018b9a7     0x23be ./emlib/em_cmu.o
                                     0x17cdb6 (size before relaxing)
 .debug_str     0x000000000018dd65     0x157d ./emlib/em_msc.o
                                     0x179e4f (size before relaxing)
 .debug_str     0x000000000018f2e2      0x7a9 ./emlib/em_se.o
                                     0x1769c6 (size before relaxing)
 .debug_str     0x000000000018fa8b      0x1ce ./internal_flash/btl_storage_internal_flash.o
                                     0x17f7fa (size before relaxing)
 .debug_str     0x000000000018fc59     0x3eb9 ./mbedtls/EFR32_2_2/ba414ep_config.o
                                     0x17be73 (size before relaxing)
 .debug_str     0x0000000000193b12      0x241 ./mbedtls/EFR32_2_2/cryptodma_internal.o
                                     0x179c59 (size before relaxing)
 .debug_str     0x0000000000193d53       0xa9 ./mbedtls/EFR32_2_2/cryptolib_types.o
                                     0x1795c6 (size before relaxing)
 .debug_str     0x0000000000193dfc     0x176e ./mbedtls/EFR32_2_2/sx_aes.o
                                     0x17b3a9 (size before relaxing)
 .debug_str     0x000000000019556a      0x2d9 ./mbedtls/EFR32_2_2/sx_blk_cipher.o
                                     0x17b000 (size before relaxing)
 .debug_str     0x0000000000195843      0x32c ./mbedtls/EFR32_2_2/sx_ecc_curves.o
                                     0x17ae18 (size before relaxing)
 .debug_str     0x0000000000195b6f      0x24b ./mbedtls/EFR32_2_2/sx_ecdsa_alg.o
                                     0x17b0b6 (size before relaxing)
 .debug_str     0x0000000000195dba      0x828 ./mbedtls/EFR32_2_2/sx_hash.o
                                     0x17ac22 (size before relaxing)
 .debug_str     0x00000000001965e2       0xe6 ./mbedtls/EFR32_2_2/sx_memcpy.o
                                     0x1798c3 (size before relaxing)
 .debug_str     0x00000000001966c8      0x5c8 ./mbedtls/cryptoacc_aes.o
                                     0x183a1e (size before relaxing)
 .debug_str     0x0000000000196c90     0x49f7 ./mbedtls/cryptoacc_management.o
                                     0x188cc9 (size before relaxing)
 .debug_str     0x000000000019b687      0x142 ./parser/btl_gbl_custom_tags.o
                                     0x17ee78 (size before relaxing)
 .debug_str     0x000000000019b7c9      0x237 ./parser/btl_image_parser.o
                                     0x17edc9 (size before relaxing)
 .debug_str     0x000000000019ba00      0x1b9 ./storage-common/btl_storage.o
                                     0x17fd4f (size before relaxing)
 .debug_str     0x000000000019bbb9      0x178 ./token-management/btl_security_tokens.o
                                     0x174c0f (size before relaxing)

.debug_frame    0x0000000000000000     0x25b4
 .debug_frame   0x0000000000000000       0xf8 ./CMSIS/system_bgm22.o